<html>
<body>
<pre>
<h1>礦ision Build Log</h1>
<h2>Tool Versions:</h2>
IDE-Version: μVision V5.36.0.0
Copyright (C) 2021 ARM Ltd and ARM Germany GmbH. All rights reserved.
License Information: a john, a, LIC=585FJ-UCEGJ-PCVJ8-3HEFW-XKRD5-IHBTZ
 
Tool Versions:
Toolchain:       MDK-ARM Plus  Version: 5.36.0.0
Toolchain Path:  D:\Keil_v5_MDK\ARM\ARMCC\Bin
C Compiler:      Armcc.exe V5.06 update 7 (build 960)
Assembler:       Armasm.exe V5.06 update 7 (build 960)
Linker/Locator:  ArmLink.exe V5.06 update 7 (build 960)
Library Manager: ArmAr.exe V5.06 update 7 (build 960)
Hex Converter:   FromElf.exe V5.06 update 7 (build 960)
CPU DLL:         SARMCM3.DLL V5.36.0.0
Dialog DLL:      DCM.DLL V1.17.3.0
Target DLL:      STLink\ST-LINKIII-KEIL_SWO.dll V3.0.9.0
Dialog DLL:      TCM.DLL V1.53.0.0
 
<h2>Project:</h2>
C:\Users\john\OneDrive\Desktop\Git项目\Remote\remote\MDK-ARM\Engineer.uvprojx
Project File Date:  03/27/2026

<h2>Output:</h2>
*** Using Compiler 'V5.06 update 7 (build 960)', folder: 'D:\Keil_v5_MDK\ARM\ARMCC\Bin'
Build target 'Engineer'
compiling chassis.c...
../APPLICATION/nac.h(107): warning:  #1295-D: Deprecated declaration NacSend - give arg types
  void NacSend();
../APPLICATION/nac.h(117): warning:  #1-D: last line of file ends without a newline
  #endif
..\APPLICATION\chassis\chassis.c(35): warning:  #188-D: enumerated type mixed with another type
                  .Improve       = PID_Trapezoid_Intergral | PID_Integral_Limit | PID_Derivative_On_Measurement,
..\APPLICATION\chassis\chassis.c(43): warning:  #188-D: enumerated type mixed with another type
                  .Improve       = PID_Trapezoid_Intergral | PID_Integral_Limit | PID_Derivative_On_Measurement,
..\APPLICATION\chassis\chassis.c(51): warning:  #188-D: enumerated type mixed with another type
              .close_loop_type       = CURRENT_LOOP | SPEED_LOOP,
..\APPLICATION\chassis\chassis.c(84): warning:  #188-D: enumerated type mixed with another type
                  .Improve           = PID_Trapezoid_Intergral | PID_Integral_Limit | PID_Derivative_On_Measurement | PID_DerivativeFilter | PID_ChangingIntegrationRate,
..\APPLICATION\chassis\chassis.c(94): warning:  #188-D: enumerated type mixed with another type
                  .Improve       = PID_Integral_Limit | PID_Derivative_On_Measurement | PID_ChangingIntegrationRate | PID_OutputFilter,
..\APPLICATION\chassis\chassis.c(125): warning:  #188-D: enumerated type mixed with another type
              .close_loop_type       = SPEED_LOOP | ANGLE_LOOP,
..\APPLICATION\chassis\chassis.c(146): warning:  #188-D: enumerated type mixed with another type
          .Improve           = PID_Trapezoid_Intergral | PID_DerivativeFilter | PID_DerivativeFilter | PID_Derivative_On_Measurement | PID_Integral_Limit | PID_Derivative_On_Measurement,
..\APPLICATION\chassis\chassis.c(75): warning:  #177-D: variable "chassis_motor_steering_config"  was declared but never referenced
      Motor_Init_Config_s chassis_motor_steering_config = {
..\APPLICATION\chassis\chassis.c(12): warning:  #177-D: variable "chassis_lf"  was declared but never referenced
  static DJIMotor_Instance *chassis_lf, *chassis_lb, *chassis_rf, *chassis_rb;
..\APPLICATION\chassis\chassis.c(12): warning:  #177-D: variable "chassis_lb"  was declared but never referenced
  static DJIMotor_Instance *chassis_lf, *chassis_lb, *chassis_rf, *chassis_rb;
..\APPLICATION\chassis\chassis.c(12): warning:  #177-D: variable "chassis_rf"  was declared but never referenced
  static DJIMotor_Instance *chassis_lf, *chassis_lb, *chassis_rf, *chassis_rb;
..\APPLICATION\chassis\chassis.c(12): warning:  #177-D: variable "chassis_rb"  was declared but never referenced
  static DJIMotor_Instance *chassis_lf, *chassis_lb, *chassis_rf, *chassis_rb;
..\APPLICATION\chassis\chassis.c(14): warning:  #177-D: variable "motor_1"  was declared but never referenced
  static DJIMotor_Instance *motor_lf, *motor_rf, *motor_lb, *motor_rb, *motor_1, *motor_2;                                     // left right forward back
..\APPLICATION\chassis\chassis.c(14): warning:  #177-D: variable "motor_2"  was declared but never referenced
  static DJIMotor_Instance *motor_lf, *motor_rf, *motor_lb, *motor_rb, *motor_1, *motor_2;                                     // left right forward back
..\APPLICATION\chassis\chassis.c(15): warning:  #177-D: variable "motor_steering_lf"  was declared but never referenced
  static DJIMotor_Instance *motor_steering_lf, *motor_steering_rf, *motor_steering_lb, *motor_steering_rb; // 6020电机 
..\APPLICATION\chassis\chassis.c(15): warning:  #177-D: variable "motor_steering_rf"  was declared but never referenced
  static DJIMotor_Instance *motor_steering_lf, *motor_steering_rf, *motor_steering_lb, *motor_steering_rb; // 6020电机 
..\APPLICATION\chassis\chassis.c(15): warning:  #177-D: variable "motor_steering_lb"  was declared but never referenced
  static DJIMotor_Instance *motor_steering_lf, *motor_steering_rf, *motor_steering_lb, *motor_steering_rb; // 6020电机 
..\APPLICATION\chassis\chassis.c(15): warning:  #177-D: variable "motor_steering_rb"  was declared but never referenced
  static DJIMotor_Instance *motor_steering_lf, *motor_steering_rf, *motor_steering_lb, *motor_steering_rb; // 6020电机 
..\APPLICATION\chassis\chassis.c(17): warning:  #177-D: variable "vt_lf"  was declared but never referenced
  static float vt_lf, vt_rf, vt_lb, vt_rb; // 底盘速度解算后的临时输出,待进行限幅
..\APPLICATION\chassis\chassis.c(17): warning:  #177-D: variable "vt_rf"  was declared but never referenced
  static float vt_lf, vt_rf, vt_lb, vt_rb; // 底盘速度解算后的临时输出,待进行限幅
..\APPLICATION\chassis\chassis.c(17): warning:  #177-D: variable "vt_lb"  was declared but never referenced
  static float vt_lf, vt_rf, vt_lb, vt_rb; // 底盘速度解算后的临时输出,待进行限幅
..\APPLICATION\chassis\chassis.c(17): warning:  #177-D: variable "vt_rb"  was declared but never referenced
  static float vt_lf, vt_rf, vt_lb, vt_rb; // 底盘速度解算后的临时输出,待进行限幅
..\APPLICATION\chassis\chassis.c(18): warning:  #177-D: variable "at_lf"  was declared but never referenced
  static float at_lf, at_rf, at_lb, at_rb; // 底盘的角度解算后的临时输出,待进行限幅
..\APPLICATION\chassis\chassis.c(18): warning:  #177-D: variable "at_rf"  was declared but never referenced
  static float at_lf, at_rf, at_lb, at_rb; // 底盘的角度解算后的临时输出,待进行限幅
..\APPLICATION\chassis\chassis.c(18): warning:  #177-D: variable "at_lb"  was declared but never referenced
  static float at_lf, at_rf, at_lb, at_rb; // 底盘的角度解算后的临时输出,待进行限幅
..\APPLICATION\chassis\chassis.c(18): warning:  #177-D: variable "at_rb"  was declared but never referenced
  static float at_lf, at_rf, at_lb, at_rb; // 底盘的角度解算后的临时输出,待进行限幅
..\APPLICATION\chassis\chassis.c: 28 warnings, 0 errors
linking...
Program Size: Code=61632 RO-data=3584 RW-data=1460 ZI-data=97044  
FromELF: creating hex file...
"Engineer\Engineer.axf" - 0 Error(s), 28 Warning(s).

<h2>Software Packages used:</h2>

Package Vendor: ARM
                http://www.keil.com/pack/ARM.CMSIS.5.8.0.pack
                ARM.CMSIS.5.8.0
                CMSIS (Common Microcontroller Software Interface Standard)
   * Component: CORE Version: 5.5.0

Package Vendor: Keil
                https://www.keil.com/pack/Keil.STM32F4xx_DFP.3.1.1.pack
                Keil.STM32F4xx_DFP.3.1.1
                STMicroelectronics STM32F4 Series Device Support

<h2>Collection of Component include folders:</h2>
  .\RTE\_Engineer
  D:\Keil_v5_MDK\Packs\ARM\CMSIS\5.8.0\CMSIS\Core\Include

<h2>Collection of Component Files used:</h2>

   * Component: ARM::CMSIS:CORE:5.5.0
Build Time Elapsed:  00:00:03
</pre>
</body>
</html>
