Component: ARM Compiler 5.06 update 7 (build 960) Tool: armlink [4d3601]

==============================================================================

Section Cross References

    startup_stm32f407xx.o(STACK) refers (Special) to heapauxi.o(.text) for __use_two_region_memory
    startup_stm32f407xx.o(HEAP) refers (Special) to heapauxi.o(.text) for __use_two_region_memory
    startup_stm32f407xx.o(RESET) refers (Special) to heapauxi.o(.text) for __use_two_region_memory
    startup_stm32f407xx.o(RESET) refers to startup_stm32f407xx.o(STACK) for __initial_sp
    startup_stm32f407xx.o(RESET) refers to startup_stm32f407xx.o(.text) for Reset_Handler
    startup_stm32f407xx.o(RESET) refers to stm32f4xx_it.o(i.NMI_Handler) for NMI_Handler
    startup_stm32f407xx.o(RESET) refers to stm32f4xx_it.o(i.HardFault_Handler) for HardFault_Handler
    startup_stm32f407xx.o(RESET) refers to stm32f4xx_it.o(i.MemManage_Handler) for MemManage_Handler
    startup_stm32f407xx.o(RESET) refers to stm32f4xx_it.o(i.BusFault_Handler) for BusFault_Handler
    startup_stm32f407xx.o(RESET) refers to stm32f4xx_it.o(i.UsageFault_Handler) for UsageFault_Handler
    startup_stm32f407xx.o(RESET) refers to port.o(.emb_text) for SVC_Handler
    startup_stm32f407xx.o(RESET) refers to stm32f4xx_it.o(i.DebugMon_Handler) for DebugMon_Handler
    startup_stm32f407xx.o(RESET) refers to port.o(i.SysTick_Handler) for SysTick_Handler
    startup_stm32f407xx.o(RESET) refers to stm32f4xx_it.o(i.DMA1_Stream1_IRQHandler) for DMA1_Stream1_IRQHandler
    startup_stm32f407xx.o(RESET) refers to stm32f4xx_it.o(i.CAN1_RX0_IRQHandler) for CAN1_RX0_IRQHandler
    startup_stm32f407xx.o(RESET) refers to stm32f4xx_it.o(i.CAN1_RX1_IRQHandler) for CAN1_RX1_IRQHandler
    startup_stm32f407xx.o(RESET) refers to stm32f4xx_it.o(i.SPI1_IRQHandler) for SPI1_IRQHandler
    startup_stm32f407xx.o(RESET) refers to stm32f4xx_it.o(i.TIM8_TRG_COM_TIM14_IRQHandler) for TIM8_TRG_COM_TIM14_IRQHandler
    startup_stm32f407xx.o(RESET) refers to stm32f4xx_it.o(i.DMA2_Stream0_IRQHandler) for DMA2_Stream0_IRQHandler
    startup_stm32f407xx.o(RESET) refers to stm32f4xx_it.o(i.DMA2_Stream2_IRQHandler) for DMA2_Stream2_IRQHandler
    startup_stm32f407xx.o(RESET) refers to stm32f4xx_it.o(i.DMA2_Stream3_IRQHandler) for DMA2_Stream3_IRQHandler
    startup_stm32f407xx.o(RESET) refers to stm32f4xx_it.o(i.CAN2_RX0_IRQHandler) for CAN2_RX0_IRQHandler
    startup_stm32f407xx.o(RESET) refers to stm32f4xx_it.o(i.CAN2_RX1_IRQHandler) for CAN2_RX1_IRQHandler
    startup_stm32f407xx.o(RESET) refers to stm32f4xx_it.o(i.OTG_FS_IRQHandler) for OTG_FS_IRQHandler
    startup_stm32f407xx.o(.text) refers (Special) to heapauxi.o(.text) for __use_two_region_memory
    startup_stm32f407xx.o(.text) refers to system_stm32f4xx.o(i.SystemInit) for SystemInit
    startup_stm32f407xx.o(.text) refers to __main.o(!!!main) for __main
    startup_stm32f407xx.o(.text) refers to startup_stm32f407xx.o(HEAP) for Heap_Mem
    startup_stm32f407xx.o(.text) refers to startup_stm32f407xx.o(STACK) for Stack_Mem
    main.o(i.HAL_TIM_PeriodElapsedCallback) refers to stm32f4xx_hal.o(i.HAL_IncTick) for HAL_IncTick
    main.o(i.SystemClock_Config) refers to rt_memclr_w.o(.text) for __aeabi_memclr4
    main.o(i.SystemClock_Config) refers to stm32f4xx_hal_rcc.o(i.HAL_RCC_OscConfig) for HAL_RCC_OscConfig
    main.o(i.SystemClock_Config) refers to main.o(i.Error_Handler) for Error_Handler
    main.o(i.SystemClock_Config) refers to stm32f4xx_hal_rcc.o(i.HAL_RCC_ClockConfig) for HAL_RCC_ClockConfig
    main.o(i.main) refers to stm32f4xx_hal.o(i.HAL_Init) for HAL_Init
    main.o(i.main) refers to main.o(i.SystemClock_Config) for SystemClock_Config
    main.o(i.main) refers to gpio.o(i.MX_GPIO_Init) for MX_GPIO_Init
    main.o(i.main) refers to dma.o(i.MX_DMA_Init) for MX_DMA_Init
    main.o(i.main) refers to can.o(i.MX_CAN1_Init) for MX_CAN1_Init
    main.o(i.main) refers to can.o(i.MX_CAN2_Init) for MX_CAN2_Init
    main.o(i.main) refers to usart.o(i.MX_USART3_UART_Init) for MX_USART3_UART_Init
    main.o(i.main) refers to spi.o(i.MX_SPI1_Init) for MX_SPI1_Init
    main.o(i.main) refers to tim.o(i.MX_TIM10_Init) for MX_TIM10_Init
    main.o(i.main) refers to usart.o(i.MX_USART1_UART_Init) for MX_USART1_UART_Init
    main.o(i.main) refers to robot_cmd.o(i.RobotCMDInit) for RobotCMDInit
    main.o(i.main) refers to test.o(i.all_init_Task) for all_init_Task
    main.o(i.main) refers to freertos.o(i.MX_FREERTOS_Init) for MX_FREERTOS_Init
    main.o(i.main) refers to cmsis_os.o(i.osKernelStart) for osKernelStart
    gpio.o(i.MX_GPIO_Init) refers to rt_memclr_w.o(.text) for __aeabi_memclr4
    gpio.o(i.MX_GPIO_Init) refers to stm32f4xx_hal_gpio.o(i.HAL_GPIO_WritePin) for HAL_GPIO_WritePin
    gpio.o(i.MX_GPIO_Init) refers to stm32f4xx_hal_gpio.o(i.HAL_GPIO_Init) for HAL_GPIO_Init
    freertos.o(i.ChassisTask_f) refers to test.o(i.all_cmd_Task) for all_cmd_Task
    freertos.o(i.ChassisTask_f) refers to cmsis_os.o(i.osDelay) for osDelay
[...]
    USB_DisableGlobalInt                     0x0800be15   Thumb Code    14  stm32f4xx_ll_usb.o(i.USB_DisableGlobalInt)
    USB_EP0_OutStart                         0x0800be25   Thumb Code   106  stm32f4xx_ll_usb.o(i.USB_EP0_OutStart)
    USB_EPClearStall                         0x0800be95   Thumb Code   142  stm32f4xx_ll_usb.o(i.USB_EPClearStall)
    USB_EPSetStall                           0x0800bf23   Thumb Code   154  stm32f4xx_ll_usb.o(i.USB_EPSetStall)
    USB_EPStartXfer                          0x0800bfbd   Thumb Code   954  stm32f4xx_ll_usb.o(i.USB_EPStartXfer)
    USB_EPStopXfer                           0x0800c37d   Thumb Code   236  stm32f4xx_ll_usb.o(i.USB_EPStopXfer)
    USB_EnableGlobalInt                      0x0800c469   Thumb Code    14  stm32f4xx_ll_usb.o(i.USB_EnableGlobalInt)
    USB_FlushRxFifo                          0x0800c477   Thumb Code    80  stm32f4xx_ll_usb.o(i.USB_FlushRxFifo)
    USB_FlushTxFifo                          0x0800c4c7   Thumb Code    84  stm32f4xx_ll_usb.o(i.USB_FlushTxFifo)
    USB_GetDevSpeed                          0x0800c51b   Thumb Code    38  stm32f4xx_ll_usb.o(i.USB_GetDevSpeed)
    USB_GetMode                              0x0800c541   Thumb Code    10  stm32f4xx_ll_usb.o(i.USB_GetMode)
    USB_Init                                 0x0800c54d   Thumb Code    54  usb.o(i.USB_Init)
    USB_ProcessTask                          0x0800c5a1   Thumb Code   218  usb.o(i.USB_ProcessTask)
    USB_ReadDevAllInEpInterrupt              0x0800c68d   Thumb Code    20  stm32f4xx_ll_usb.o(i.USB_ReadDevAllInEpInterrupt)
    USB_ReadDevAllOutEpInterrupt             0x0800c6a1   Thumb Code    20  stm32f4xx_ll_usb.o(i.USB_ReadDevAllOutEpInterrupt)
    USB_ReadDevInEPInterrupt                 0x0800c6b5   Thumb Code    50  stm32f4xx_ll_usb.o(i.USB_ReadDevInEPInterrupt)
    USB_ReadDevOutEPInterrupt                0x0800c6e7   Thumb Code    26  stm32f4xx_ll_usb.o(i.USB_ReadDevOutEPInterrupt)
    USB_ReadInterrupts                       0x0800c701   Thumb Code    10  stm32f4xx_ll_usb.o(i.USB_ReadInterrupts)
    USB_ReadPacket                           0x0800c70b   Thumb Code    96  stm32f4xx_ll_usb.o(i.USB_ReadPacket)
    USB_RxHandler                            0x0800c76d   Thumb Code    74  usb.o(i.USB_RxHandler)
    USB_SetCurrentMode                       0x0800c7c9   Thumb Code   104  stm32f4xx_ll_usb.o(i.USB_SetCurrentMode)
    USB_SetDevAddress                        0x0800c831   Thumb Code    42  stm32f4xx_ll_usb.o(i.USB_SetDevAddress)
    USB_SetDevSpeed                          0x0800c85b   Thumb Code    18  stm32f4xx_ll_usb.o(i.USB_SetDevSpeed)
    USB_SetTurnaroundTime                    0x0800c86d   Thumb Code   192  stm32f4xx_ll_usb.o(i.USB_SetTurnaroundTime)
    USB_Transmit                             0x0800c955   Thumb Code    24  usb.o(i.USB_Transmit)
    USB_WritePacket                          0x0800c96d   Thumb Code    68  stm32f4xx_ll_usb.o(i.USB_WritePacket)
    UsageFault_Handler                       0x0800c9b1   Thumb Code     4  stm32f4xx_it.o(i.UsageFault_Handler)
    Usb_f                                    0x0800c9b5   Thumb Code    14  freertos.o(i.Usb_f)
    __ARM_fpclassifyf                        0x0800c9c3   Thumb Code    38  fpclassifyf.o(i.__ARM_fpclassifyf)
    __hardfp_acosf                           0x0800ca21   Thumb Code   234  acosf.o(i.__hardfp_acosf)
    __hardfp_asinf                           0x0800cb39   Thumb Code   258  asinf.o(i.__hardfp_asinf)
    __hardfp_atan2f                          0x0800cc65   Thumb Code   594  atan2f.o(i.__hardfp_atan2f)
    __hardfp_cosf                            0x0800cf11   Thumb Code   280  cosf.o(i.__hardfp_cosf)
    __hardfp_sinf                            0x0800d061   Thumb Code   344  sinf.o(i.__hardfp_sinf)
    __hardfp_sqrtf                           0x0800d1f1   Thumb Code    58  sqrtf.o(i.__hardfp_sqrtf)
    __mathlib_flt_infnan                     0x0800d22b   Thumb Code     6  funder.o(i.__mathlib_flt_infnan)
    __mathlib_flt_infnan2                    0x0800d231   Thumb Code     6  funder.o(i.__mathlib_flt_infnan2)
    __mathlib_flt_invalid                    0x0800d239   Thumb Code    10  funder.o(i.__mathlib_flt_invalid)
    __mathlib_flt_underflow                  0x0800d249   Thumb Code    10  funder.o(i.__mathlib_flt_underflow)
    __mathlib_rredf2                         0x0800d259   Thumb Code   316  rredf.o(i.__mathlib_rredf2)
    all_cmd_Task                             0x0800d3ad   Thumb Code    12  test.o(i.all_cmd_Task)
    all_init_Task                            0x0800d3b9   Thumb Code     8  test.o(i.all_init_Task)
    bmi088_accel_init                        0x0800d3c1   Thumb Code   362  bmi088driver.o(i.bmi088_accel_init)
    bmi088_gyro_init                         0x0800d545   Thumb Code   298  bmi088driver.o(i.bmi088_gyro_init)
    float_constrain                          0x0800da61   Thumb Code    42  user_lib.o(i.float_constrain)
    float_rounding                           0x0800da8d   Thumb Code    62  user_lib.o(i.float_rounding)
    main                                     0x0800db11   Thumb Code    60  main.o(i.main)
    osDelay                                  0x0800db5b   Thumb Code    24  cmsis_os.o(i.osDelay)
    osKernelStart                            0x0800db73   Thumb Code    10  cmsis_os.o(i.osKernelStart)
    osThreadCreate                           0x0800db7d   Thumb Code    94  cmsis_os.o(i.osThreadCreate)
    pvPortMalloc                             0x0800e05d   Thumb Code   306  heap_4.o(i.pvPortMalloc)
    pxPortInitialiseStack                    0x0800e1a9   Thumb Code    38  port.o(i.pxPortInitialiseStack)
    sqrtf                                    0x0800e37d   Thumb Code    62  sqrtf.o(i.sqrtf)
    uxListRemove                             0x0800e3bb   Thumb Code    40  list.o(i.uxListRemove)
    vApplicationGetIdleTaskMemory            0x0800e3e5   Thumb Code    14  freertos.o(i.vApplicationGetIdleTaskMemory)
    vListInitialise                          0x0800e3fd   Thumb Code    26  list.o(i.vListInitialise)
    vListInitialiseItem                      0x0800e417   Thumb Code     6  list.o(i.vListInitialiseItem)
    vListInsert                              0x0800e41d   Thumb Code    52  list.o(i.vListInsert)
    vListInsertEnd                           0x0800e451   Thumb Code    24  list.o(i.vListInsertEnd)
    vPortEnterCritical                       0x0800e469   Thumb Code    76  port.o(i.vPortEnterCritical)
    vPortExitCritical                        0x0800e4bd   Thumb Code    56  port.o(i.vPortExitCritical)
    vPortFree                                0x0800e4f9   Thumb Code   150  heap_4.o(i.vPortFree)
    vPortSetupTimerInterrupt                 0x0800e59d   Thumb Code    36  port.o(i.vPortSetupTimerInterrupt)
    vTaskDelay                               0x0800e5c5   Thumb Code    82  tasks.o(i.vTaskDelay)
    vTaskStartScheduler                      0x0800e621   Thumb Code   146  tasks.o(i.vTaskStartScheduler)
    vTaskSuspendAll                          0x0800e6d1   Thumb Code    12  tasks.o(i.vTaskSuspendAll)
    vTaskSwitchContext                       0x0800e6e1   Thumb Code   118  tasks.o(i.vTaskSwitchContext)
    xPortStartScheduler                      0x0800e76d   Thumb Code   330  port.o(i.xPortStartScheduler)
    xTaskCreate                              0x0800e8d5   Thumb Code   100  tasks.o(i.xTaskCreate)
    xTaskCreateStatic                        0x0800e939   Thumb Code   186  tasks.o(i.xTaskCreateStatic)
    xTaskIncrementTick                       0x0800e9f5   Thumb Code   282  tasks.o(i.xTaskIncrementTick)
    xTaskResumeAll                           0x0800eb3d   Thumb Code   224  tasks.o(i.xTaskResumeAll)
    __aeabi_d2f                              0x0800ec41   Thumb Code     0  d2f.o(x$fpl$d2f)
    _d2f                                     0x0800ec41   Thumb Code    98  d2f.o(x$fpl$d2f)
    __aeabi_ddiv                             0x0800eca5   Thumb Code     0  ddiv.o(x$fpl$ddiv)
    _ddiv                                    0x0800eca5   Thumb Code   552  ddiv.o(x$fpl$ddiv)
    __aeabi_dmul                             0x0800ef55   Thumb Code     0  dmul.o(x$fpl$dmul)
    _dmul                                    0x0800ef55   Thumb Code   332  dmul.o(x$fpl$dmul)
    __fpl_dnaninf                            0x0800f0a9   Thumb Code   156  dnaninf.o(x$fpl$dnaninf)
    __fpl_dretinf                            0x0800f145   Thumb Code    12  dretinf.o(x$fpl$dretinf)
    __aeabi_f2d                              0x0800f151   Thumb Code     0  f2d.o(x$fpl$f2d)
    _f2d                                     0x0800f151   Thumb Code    86  f2d.o(x$fpl$f2d)
    __fpl_fnaninf                            0x0800f1a7   Thumb Code   140  fnaninf.o(x$fpl$fnaninf)
    _fp_init                                 0x0800f233   Thumb Code    10  fpinit.o(x$fpl$fpinit)
    __fplib_config_fpu_vfp                   0x0800f23b   Thumb Code     0  fpinit.o(x$fpl$fpinit)
    __fplib_config_pureend_doubles           0x0800f23b   Thumb Code     0  fpinit.o(x$fpl$fpinit)
    __fpl_fretinf                            0x0800f23d   Thumb Code    10  fretinf.o(x$fpl$fretinf)
    __I$use$fp                               0x0800f246   Number         0  usenofp.o(x$fpl$usenofp)
    AHBPrescTable                            0x0800f2c0   Data          16  system_stm32f4xx.o(.constdata)
    APBPrescTable                            0x0800f2d0   Data           8  system_stm32f4xx.o(.constdata)
    xb                                       0x0800f2f0   Data          12  ins_task.o(.constdata)
    yb                                       0x0800f2fc   Data          12  ins_task.o(.constdata)
    zb                                       0x0800f308   Data          12  ins_task.o(.constdata)
    IMU_QuaternionEKF_F                      0x0800f358   Data         144  quaternionekf.o(.constdata)
    sinTable_f32                             0x0800f69c   Data        2052  arm_common_tables.o(.rodata.sinTable_f32)
    Region$$Table$$Base                      0x0800fea0   Number         0  anon$$obj.o(Region$$Table)
    Region$$Table$$Limit                     0x0800fec0   Number         0  anon$$obj.o(Region$$Table)
    ImuTaskHandle                            0x20000000   Data           4  freertos.o(.data)
    ChassisTaskHandle                        0x20000004   Data           4  freertos.o(.data)
    UsbTaskHandle                            0x20000008   Data           4  freertos.o(.data)
    ArmTaskHandle                            0x2000000c   Data           4  freertos.o(.data)
    uwTick                                   0x20000014   Data           4  stm32f4xx_hal.o(.data)
    uwTickPrio                               0x20000018   Data           4  stm32f4xx_hal.o(.data)
    uwTickFreq                               0x2000001c   Data           1  stm32f4xx_hal.o(.data)
    SystemCoreClock                          0x20000020   Data           4  system_stm32f4xx.o(.data)
    BMI088_ACCEL_SEN                         0x20000224   Data           4  bmi088driver.o(.data)
    BMI088_GYRO_SEN                          0x20000228   Data           4  bmi088driver.o(.data)
    gNormDiff                                0x20000230   Data           4  bmi088driver.o(.data)
    caliOffset                               0x20000234   Data           1  bmi088driver.o(.data)
    caliCount                                0x20000236   Data           2  bmi088driver.o(.data)
    BMI088_SPI                               0x2000026c   Data           4  bmi088middleware.o(.data)
    sizeof_float                             0x200002b4   Data           2  kalman_filter.o(.data)
    sizeof_double                            0x200002b6   Data           2  kalman_filter.o(.data)
    IMU_QuaternionEKF_P                      0x200002c0   Data         144  quaternionekf.o(.data)
    usb_chassis_cmd                          0x20000394   Data           8  usb.o(.data)
    usb_last_recv_time                       0x2000039c   Data           4  usb.o(.data)
    rc_cmd                                   0x200003c0   Data           4  chassis.o(.data)
    nac_ctrl                                 0x20000440   Data           4  shoot.o(.data)
    pxCurrentTCB                             0x20000458   Data           4  tasks.o(.data)
    FS_Desc                                  0x200004c0   Data          28  usbd_desc.o(.data)
    USBD_FS_DeviceDesc                       0x200004dc   Data          18  usbd_desc.o(.data)
    USBD_LangIDDesc                          0x200004f0   Data           4  usbd_desc.o(.data)
    USBD_StringSerial                        0x200004f4   Data          26  usbd_desc.o(.data)
    USBD_Interface_fops_FS                   0x20000510   Data          20  usbd_cdc_if.o(.data)
    USBD_CDC                                 0x20000534   Data          56  usbd_cdc.o(.data)
    hcan1                                    0x20000818   Data          40  can.o(.bss)
    hcan2                                    0x20000840   Data          40  can.o(.bss)
    hspi1                                    0x20000868   Data          88  spi.o(.bss)
    hdma_spi1_rx                             0x200008c0   Data          96  spi.o(.bss)
    hdma_spi1_tx                             0x20000920   Data          96  spi.o(.bss)
    htim10                                   0x20000980   Data          72  tim.o(.bss)
    huart1                                   0x200009c8   Data          72  usart.o(.bss)
    huart3                                   0x20000a10   Data          72  usart.o(.bss)
    hdma_usart1_rx                           0x20000a58   Data          96  usart.o(.bss)
    hdma_usart3_rx                           0x20000ab8   Data          96  usart.o(.bss)
    htim14                                   0x20000b18   Data          72  stm32f4xx_hal_timebase_tim.o(.bss)
    gyroDiff                                 0x20000d0c   Data          12  bmi088driver.o(.bss)
    BMI088                                   0x20000d18   Data          52  bmi088driver.o(.bss)
    QEKF_INS                                 0x20000e60   Data         480  quaternionekf.o(.bss)
    IMU_QuaternionEKF_K                      0x20001040   Data          72  quaternionekf.o(.bss)
    IMU_QuaternionEKF_H                      0x20001088   Data          72  quaternionekf.o(.bss)
    chassis_ctrl_cmd                         0x20001548   Data          42  chassis.o(.bss)
    hUsbDeviceFS                             0x20006484   Data         732  usb_device.o(.bss)
    USBD_StrDesc                             0x20006760   Data         512  usbd_desc.o(.bss)
    UserRxBufferFS                           0x20006960   Data        2048  usbd_cdc_if.o(.bss)
    UserTxBufferFS                           0x20007160   Data        2048  usbd_cdc_if.o(.bss)
    hpcd_USB_OTG_FS                          0x20007960   Data        1252  usbd_conf.o(.bss)
    __libspace_start                         0x20008064   Data          96  libspace.o(.bss)
    __temporary_stack_top$libspace           0x200080c4   Data           0  libspace.o(.bss)



==============================================================================

Memory Map of the image

  Image Entry point : 0x08000189

  Load Region LR_IROM1 (Base: 0x08000000, Size: 0x00010474, Max: 0x00100000, ABSOLUTE, COMPRESSED[0x0000fff8])

    Execution Region ER_IROM1 (Exec base: 0x08000000, Load base: 0x08000000, Size: 0x0000fec0, Max: 0x00100000, ABSOLUTE)

    Exec Addr    Load Addr    Size         Type   Attr      Idx    E Section Name        Object

    0x08000000   0x08000000   0x00000188   Data   RO            3    RESET               startup_stm32f407xx.o
    0x08000188   0x08000188   0x00000008   Code   RO         8749  * !!!main             c_w.l(__main.o)
    0x08000190   0x08000190   0x00000034   Code   RO         9114    !!!scatter          c_w.l(__scatter.o)
    0x080001c4   0x080001c4   0x0000005a   Code   RO         9112    !!dczerorl2         c_w.l(__dczerorl2.o)
    0x0800021e   0x0800021e   0x00000002   PAD
    0x08000220   0x08000220   0x0000001c   Code   RO         9116    !!handler_zi        c_w.l(__scatter_zi.o)
    0x0800023c   0x0800023c   0x00000002   Code   RO         9049    .ARM.Collect$$libinit$$00000000  c_w.l(libinit.o)
    0x0800023e   0x0800023e   0x00000004   Code   RO         8898    .ARM.Collect$$libinit$$00000001  c_w.l(libinit2.o)
    0x08000242   0x08000242   0x00000000   Code   RO         8901    .ARM.Collect$$libinit$$00000004  c_w.l(libinit2.o)
    0x08000242   0x08000242   0x00000008   Code   RO         8902    .ARM.Collect$$libinit$$00000005  c_w.l(libinit2.o)
    0x0800024a   0x0800024a   0x00000000   Code   RO         8904    .ARM.Collect$$libinit$$0000000A  c_w.l(libinit2.o)
    0x0800024a   0x0800024a   0x00000000   Code   RO         8906    .ARM.Collect$$libinit$$0000000C  c_w.l(libinit2.o)
    0x0800024a   0x0800024a   0x00000000   Code   RO         8908    .ARM.Collect$$libinit$$0000000E  c_w.l(libinit2.o)
    0x0800024a   0x0800024a   0x00000000   Code   RO         8911    .ARM.Collect$$libinit$$00000011  c_w.l(libinit2.o)
    0x0800024a   0x0800024a   0x00000000   Code   RO         8913    .ARM.Collect$$libinit$$00000013  c_w.l(libinit2.o)
    0x0800024a   0x0800024a   0x00000000   Code   RO         8915    .ARM.Collect$$libinit$$00000015  c_w.l(libinit2.o)
    0x0800024a   0x0800024a   0x00000000   Code   RO         8917    .ARM.Collect$$libinit$$00000017  c_w.l(libinit2.o)
    0x0800024a   0x0800024a   0x00000000   Code   RO         8919    .ARM.Collect$$libinit$$00000019  c_w.l(libinit2.o)
    0x0800024a   0x0800024a   0x00000000   Code   RO         8921    .ARM.Collect$$libinit$$0000001B  c_w.l(libinit2.o)
    0x0800024a   0x0800024a   0x00000000   Code   RO         8923    .ARM.Collect$$libinit$$0000001D  c_w.l(libinit2.o)
    0x0800024a   0x0800024a   0x00000000   Code   RO         8925    .ARM.Collect$$libinit$$0000001F  c_w.l(libinit2.o)
    0x0800024a   0x0800024a   0x00000000   Code   RO         8927    .ARM.Collect$$libinit$$00000021  c_w.l(libinit2.o)
    0x0800024a   0x0800024a   0x00000000   Code   RO         8929    .ARM.Collect$$libinit$$00000023  c_w.l(libinit2.o)
    0x0800024a   0x0800024a   0x00000000   Code   RO         8931    .ARM.Collect$$libinit$$00000025  c_w.l(libinit2.o)
    0x0800024a   0x0800024a   0x00000000   Code   RO         8935    .ARM.Collect$$libinit$$0000002C  c_w.l(libinit2.o)
    0x0800024a   0x0800024a   0x00000000   Code   RO         8937    .ARM.Collect$$libinit$$0000002E  c_w.l(libinit2.o)
    0x0800024a   0x0800024a   0x00000000   Code   RO         8939    .ARM.Collect$$libinit$$00000030  c_w.l(libinit2.o)
    0x0800024a   0x0800024a   0x00000000   Code   RO         8941    .ARM.Collect$$libinit$$00000032  c_w.l(libinit2.o)
    0x0800024a   0x0800024a   0x00000002   Code   RO         8942    .ARM.Collect$$libinit$$00000033  c_w.l(libinit2.o)
    0x0800024c   0x0800024c   0x00000002   Code   RO         9109    .ARM.Collect$$libshutdown$$00000000  c_w.l(libshutdown.o)
    0x0800024e   0x0800024e   0x00000000   Code   RO         9065    .ARM.Collect$$libshutdown$$00000002  c_w.l(libshutdown2.o)
    0x0800024e   0x0800024e   0x00000000   Code   RO         9067    .ARM.Collect$$libshutdown$$00000004  c_w.l(libshutdown2.o)
    0x0800024e   0x0800024e   0x00000000   Code   RO         9069    .ARM.Collect$$libshutdown$$00000006  c_w.l(libshutdown2.o)
    0x0800024e   0x0800024e   0x00000000   Code   RO         9072    .ARM.Collect$$libshutdown$$00000009  c_w.l(libshutdown2.o)
    0x0800024e   0x0800024e   0x00000000   Code   RO         9075    .ARM.Collect$$libshutdown$$0000000C  c_w.l(libshutdown2.o)
    0x0800024e   0x0800024e   0x00000000   Code   RO         9077    .ARM.Collect$$libshutdown$$0000000E  c_w.l(libshutdown2.o)
    0x0800024e   0x0800024e   0x00000000   Code   RO         9080    .ARM.Collect$$libshutdown$$00000011  c_w.l(libshutdown2.o)
    0x0800024e   0x0800024e   0x00000002   Code   RO         9081    .ARM.Collect$$libshutdown$$00000012  c_w.l(libshutdown2.o)
    0x08000250   0x08000250   0x00000000   Code   RO         8851    .ARM.Collect$$rtentry$$00000000  c_w.l(__rtentry.o)
    0x08000250   0x08000250   0x00000000   Code   RO         8979    .ARM.Collect$$rtentry$$00000002  c_w.l(__rtentry2.o)
    0x08000250   0x08000250   0x00000006   Code   RO         8991    .ARM.Collect$$rtentry$$00000004  c_w.l(__rtentry4.o)
    0x08000256   0x08000256   0x00000000   Code   RO         8981    .ARM.Collect$$rtentry$$00000009  c_w.l(__rtentry2.o)
    0x08000256   0x08000256   0x00000004   Code   RO         8982    .ARM.Collect$$rtentry$$0000000A  c_w.l(__rtentry2.o)
    0x0800025a   0x0800025a   0x00000000   Code   RO         8984    .ARM.Collect$$rtentry$$0000000C  c_w.l(__rtentry2.o)
    0x0800025a   0x0800025a   0x00000008   Code   RO         8985    .ARM.Collect$$rtentry$$0000000D  c_w.l(__rtentry2.o)
    0x08000262   0x08000262   0x00000002   Code   RO         9052    .ARM.Collect$$rtexit$$00000000  c_w.l(rtexit.o)
    0x08000264   0x08000264   0x00000000   Code   RO         9085    .ARM.Collect$$rtexit$$00000002  c_w.l(rtexit2.o)
    0x08000264   0x08000264   0x00000004   Code   RO         9086    .ARM.Collect$$rtexit$$00000003  c_w.l(rtexit2.o)
    0x08000268   0x08000268   0x00000006   Code   RO         9087    .ARM.Collect$$rtexit$$00000004  c_w.l(rtexit2.o)
    0x0800026e   0x0800026e   0x00000002   PAD
    0x08000270   0x08000270   0x000000be   Code   RO         7535    .emb_text           port.o
    0x0800032e   0x0800032e   0x00000002   PAD
    0x08000330   0x08000330   0x00000000   Code   RO         9002    .emb_text           c_w.l(maybetermalloc1.o)
    0x08000330   0x08000330   0x00000040   Code   RO            4    .text               startup_stm32f407xx.o
    0x08000370   0x08000370   0x0000005e   Code   RO         8645    .text               c_w.l(h1_alloc.o)
    0x080003ce   0x080003ce   0x000000ee   Code   RO         8699    .text               c_w.l(lludivv7m.o)
    0x080004bc   0x080004bc   0x0000008a   Code   RO         8735    .text               c_w.l(rt_memcpy_v6.o)
    0x08000546   0x08000546   0x00000064   Code   RO         8737    .text               c_w.l(rt_memcpy_w.o)
    0x080005aa   0x080005aa   0x00000044   Code   RO         8743    .text               c_w.l(rt_memclr.o)
    0x080005ee   0x080005ee   0x0000004e   Code   RO         8745    .text               c_w.l(rt_memclr_w.o)
    0x0800063c   0x0800063c   0x00000006   Code   RO         8747    .text               c_w.l(heapauxi.o)
    0x08000642   0x08000642   0x00000002   PAD
    0x08000644   0x08000644   0x00000008   Code   RO         8859    .text               c_w.l(rt_heap_descriptor_intlibspace.o)
    0x0800064c   0x0800064c   0x00000004   Code   RO         8861    .text               c_w.l(hguard.o)
    0x08000650   0x08000650   0x0000008a   Code   RO         8863    .text               c_w.l(init_alloc.o)
    0x080006da   0x080006da   0x0000000e   Code   RO         8869    .text               c_w.l(h1_init.o)
    0x080006e8   0x080006e8   0x0000004e   Code   RO         8871    .text               c_w.l(h1_free.o)
    0x08000736   0x08000736   0x00000016   Code   RO         8887    .text               c_w.l(_rserrno.o)
    0x0800074c   0x0800074c   0x00000008   Code   RO         8975    .text               c_w.l(libspace.o)
    0x08000754   0x08000754   0x00000008   Code   RO         8998    .text               c_w.l(rt_errno_addr_intlibspace.o)
    0x0800075c   0x0800075c   0x00000034   Code   RO         9004    .text               c_w.l(h1_extend.o)
    0x08000790   0x08000790   0x0000000e   Code   RO         9010    .text               c_w.l(defsig_rtmem_outer.o)
    0x0800079e   0x0800079e   0x00000002   Code   RO         9021    .text               c_w.l(use_no_semi.o)
    0x080007a0   0x080007a0   0x00000000   Code   RO         9023    .text               c_w.l(indicate_semi.o)
    0x080007a0   0x080007a0   0x0000004a   Code   RO         9024    .text               c_w.l(sys_stackheap_outer.o)
    0x080007ea   0x080007ea   0x00000012   Code   RO         9030    .text               c_w.l(exit.o)
    0x080007fc   0x080007fc   0x0000000a   Code   RO         9032    .text               c_w.l(defsig_exit.o)
    0x08000806   0x08000806   0x00000002   PAD
    0x08000808   0x08000808   0x00000050   Code   RO         9038    .text               c_w.l(defsig_rtmem_inner.o)
    0x08000858   0x08000858   0x0000000c   Code   RO         9050    .text               c_w.l(sys_exit.o)
    0x08000864   0x08000864   0x00000032   Code   RO         9060    .text               c_w.l(defsig_general.o)
    0x08000896   0x08000896   0x0000000e   Code   RO         9082    .text               c_w.l(sys_wrch.o)
    0x080008a4   0x080008a4   0x00000098   Code   RO         8451    .text.arm_cos_f32   arm_cortexM4lf_math.lib(arm_cos_f32.o)
    0x0800093c   0x0800093c   0x000000ba   Code   RO         8469    .text.arm_mat_add_f32  arm_cortexM4lf_math.lib(arm_mat_add_f32.o)
    0x080009f6   0x080009f6   0x00000008   Code   RO         8478    .text.arm_mat_init_f32  arm_cortexM4lf_math.lib(arm_mat_init_f32.o)
    0x080009fe   0x080009fe   0x00000002   PAD
    0x08000a00   0x08000a00   0x000002f4   Code   RO         8486    .text.arm_mat_inverse_f32  arm_cortexM4lf_math.lib(arm_mat_inverse_f32.o)
    0x08000cf4   0x08000cf4   0x00000128   Code   RO         8495    .text.arm_mat_mult_f32  arm_cortexM4lf_math.lib(arm_mat_mult_f32.o)
    0x08000e1c   0x08000e1c   0x000000ba   Code   RO         8504    .text.arm_mat_sub_f32  arm_cortexM4lf_math.lib(arm_mat_sub_f32.o)
    0x08000ed6   0x08000ed6   0x00000002   PAD
    0x08000ed8   0x08000ed8   0x000000a2   Code   RO         8513    .text.arm_mat_trans_f32  arm_cortexM4lf_math.lib(arm_mat_trans_f32.o)
    0x08000f7a   0x08000f7a   0x00000002   PAD
    0x08000f7c   0x08000f7c   0x00000090   Code   RO         8460    .text.arm_sin_f32   arm_cortexM4lf_math.lib(arm_sin_f32.o)
    0x0800100c   0x0800100c   0x00000004   Code   RO          330    i.ArmTask_f         freertos.o
    0x08001010   0x08001010   0x00000098   Code   RO         5341    i.BMI088Init        bmi088driver.o
    0x080010a8   0x080010a8   0x00000014   Code   RO         5422    i.BMI088_ACCEL_NS_H  bmi088middleware.o
    0x080010bc   0x080010bc   0x00000014   Code   RO         5423    i.BMI088_ACCEL_NS_L  bmi088middleware.o
    0x080010d0   0x080010d0   0x00000014   Code   RO         5424    i.BMI088_GYRO_NS_H  bmi088middleware.o
    0x080010e4   0x080010e4   0x00000014   Code   RO         5425    i.BMI088_GYRO_NS_L  bmi088middleware.o
    0x080010f8   0x080010f8   0x0000027c   Code   RO         5342    i.BMI088_Read       bmi088driver.o
    0x08001374   0x08001374   0x00000026   Code   RO         5343    i.BMI088_read_muli_reg  bmi088driver.o
    0x0800139a   0x0800139a   0x00000018   Code   RO         5344    i.BMI088_read_single_reg  bmi088driver.o
    0x080013b2   0x080013b2   0x00000002   PAD
    0x080013b4   0x080013b4   0x00000024   Code   RO         5426    i.BMI088_read_write_byte  bmi088middleware.o
    0x080013d8   0x080013d8   0x00000014   Code   RO         5345    i.BMI088_write_single_reg  bmi088driver.o
    0x080013ec   0x080013ec   0x0000015a   Code   RO         5476    i.BodyFrameToEarthFrame  ins_task.o
    0x08001546   0x08001546   0x00000004   Code   RO          655    i.BusFault_Handler  stm32f4xx_it.o
    0x0800154a   0x0800154a   0x00000002   PAD
    0x0800154c   0x0800154c   0x00000010   Code   RO          656    i.CAN1_RX0_IRQHandler  stm32f4xx_it.o
    0x0800155c   0x0800155c   0x00000010   Code   RO          657    i.CAN1_RX1_IRQHandler  stm32f4xx_it.o
    0x0800156c   0x0800156c   0x00000010   Code   RO          658    i.CAN2_RX0_IRQHandler  stm32f4xx_it.o
    0x0800157c   0x0800157c   0x00000010   Code   RO          659    i.CAN2_RX1_IRQHandler  stm32f4xx_it.o
    0x0800158c   0x0800158c   0x00000068   Code   RO         4588    i.CANAddFilter      bsp_can.o
    0x080015f4   0x080015f4   0x0000009c   Code   RO         4589    i.CANFIFOxCallback  bsp_can.o
    0x08001690   0x08001690   0x000000a4   Code   RO         4590    i.CANRegister       bsp_can.o
    0x08001734   0x08001734   0x00000038   Code   RO         4591    i.CANServiceInit    bsp_can.o
    0x0800176c   0x0800176c   0x0000007c   Code   RO         4593    i.CANTransmit       bsp_can.o
    0x080017e8   0x080017e8   0x00000044   Code   RO         7731    i.CDC_Control_FS    usbd_cdc_if.o
    0x0800182c   0x0800182c   0x00000004   Code   RO         7732    i.CDC_DeInit_FS     usbd_cdc_if.o
    0x08001830   0x08001830   0x00000024   Code   RO         7733    i.CDC_Init_FS       usbd_cdc_if.o
    0x08001854   0x08001854   0x00000024   Code   RO         7734    i.CDC_Receive_FS    usbd_cdc_if.o
    0x08001878   0x08001878   0x0000000c   Code   RO         7735    i.CDC_TransmitCplt_FS  usbd_cdc_if.o
    0x08001884   0x08001884   0x00000038   Code   RO         7736    i.CDC_Transmit_FS   usbd_cdc_if.o
    0x080018bc   0x080018bc   0x00000568   Code   RO         5346    i.Calibrate_MPU_Offset  bmi088driver.o
    0x08001e24   0x08001e24   0x00000104   Code   RO         5986    i.ChassisInit       chassis.o
    0x08001f28   0x08001f28   0x00000154   Code   RO         5987    i.ChassisTask       chassis.o
    0x0800207c   0x0800207c   0x0000000e   Code   RO          331    i.ChassisTask_f     freertos.o
    0x0800208a   0x0800208a   0x00000056   Code   RO         5660    i.Cross3d           user_lib.o
    0x080020e0   0x080020e0   0x000001b8   Code   RO         4916    i.DJIMotorControl   dji_motor.o
    0x08002298   0x08002298   0x00000008   Code   RO         4917    i.DJIMotorEnable    dji_motor.o
    0x080022a0   0x080022a0   0x000000d4   Code   RO         4918    i.DJIMotorInit      dji_motor.o
    0x08002374   0x08002374   0x00000024   Code   RO         4919    i.DJIMotorLostCallback  dji_motor.o
    0x08002398   0x08002398   0x00000006   Code   RO         4922    i.DJIMotorSetRef    dji_motor.o
    0x0800239e   0x0800239e   0x00000002   PAD
    0x080023a0   0x080023a0   0x00000010   Code   RO          660    i.DMA1_Stream1_IRQHandler  stm32f4xx_it.o
    0x080023b0   0x080023b0   0x00000010   Code   RO          661    i.DMA2_Stream0_IRQHandler  stm32f4xx_it.o
    0x080023c0   0x080023c0   0x00000010   Code   RO          662    i.DMA2_Stream2_IRQHandler  stm32f4xx_it.o
    0x080023d0   0x080023d0   0x00000010   Code   RO          663    i.DMA2_Stream3_IRQHandler  stm32f4xx_it.o
    0x080023e0   0x080023e0   0x00000034   Code   RO         2926    i.DMA_CalcBaseAndBitshift  stm32f4xx_hal_dma.o
    0x08002414   0x08002414   0x000000aa   Code   RO         2927    i.DMA_CheckFifoParam  stm32f4xx_hal_dma.o
    0x080024be   0x080024be   0x0000002c   Code   RO         2928    i.DMA_SetConfig     stm32f4xx_hal_dma.o
    0x080024ea   0x080024ea   0x00000002   PAD
    0x080024ec   0x080024ec   0x0000004c   Code   RO         4657    i.DWT_CNT_Update    bsp_dwt.o
    0x08002538   0x08002538   0x0000003c   Code   RO         4658    i.DWT_Delay         bsp_dwt.o
    0x08002574   0x08002574   0x0000004c   Code   RO         4659    i.DWT_GetDeltaT     bsp_dwt.o
    0x080025c0   0x080025c0   0x00000050   Code   RO         4661    i.DWT_GetTimeline_ms  bsp_dwt.o
    0x08002610   0x08002610   0x00000054   Code   RO         4662    i.DWT_GetTimeline_s  bsp_dwt.o
    0x08002664   0x08002664   0x00000070   Code   RO         4664    i.DWT_Init          bsp_dwt.o
    0x080026d4   0x080026d4   0x000000d0   Code   RO         4665    i.DWT_SysTimeUpdate  bsp_dwt.o
    0x080027a4   0x080027a4   0x00000010   Code   RO         5290    i.DaemonIsOnline    daemon.o
    0x080027b4   0x080027b4   0x00000058   Code   RO         5291    i.DaemonRegister    daemon.o
    0x0800280c   0x0800280c   0x00000006   Code   RO         5292    i.DaemonReload      daemon.o
    0x08002812   0x08002812   0x00000002   Code   RO          664    i.DebugMon_Handler  stm32f4xx_it.o
    0x08002814   0x08002814   0x00000114   Code   RO         4924    i.DecodeDJIMotor    dji_motor.o
    0x08002928   0x08002928   0x0000004c   Code   RO         6223    i.DecodeNac         nac.o
    0x08002974   0x08002974   0x00000026   Code   RO         5661    i.Dot3d             user_lib.o
    0x0800299a   0x0800299a   0x0000015a   Code   RO         5477    i.EarthFrameToBodyFrame  ins_task.o
    0x08002af4   0x08002af4   0x00000006   Code   RO           13    i.Error_Handler     main.o
    0x08002afa   0x08002afa   0x00000002   PAD
    0x08002afc   0x08002afc   0x00000034   Code   RO         7650    i.Get_SerialNum     usbd_desc.o
    0x08002b30   0x08002b30   0x0000002a   Code   RO         3623    i.HAL_CAN_ActivateNotification  stm32f4xx_hal_can.o
    0x08002b5a   0x08002b5a   0x0000014a   Code   RO         3624    i.HAL_CAN_AddTxMessage  stm32f4xx_hal_can.o
    0x08002ca4   0x08002ca4   0x00000120   Code   RO         3625    i.HAL_CAN_ConfigFilter  stm32f4xx_hal_can.o
    0x08002dc4   0x08002dc4   0x00000002   Code   RO         3628    i.HAL_CAN_ErrorCallback  stm32f4xx_hal_can.o
    0x08002dc6   0x08002dc6   0x00000028   Code   RO         3630    i.HAL_CAN_GetRxFifoFillLevel  stm32f4xx_hal_can.o
    0x08002dee   0x08002dee   0x00000194   Code   RO         3631    i.HAL_CAN_GetRxMessage  stm32f4xx_hal_can.o
    0x08002f82   0x08002f82   0x00000036   Code   RO         3633    i.HAL_CAN_GetTxMailboxesFreeLevel  stm32f4xx_hal_can.o
    0x08002fb8   0x08002fb8   0x0000024e   Code   RO         3635    i.HAL_CAN_IRQHandler  stm32f4xx_hal_can.o
    0x08003206   0x08003206   0x00000174   Code   RO         3636    i.HAL_CAN_Init      stm32f4xx_hal_can.o
    0x0800337a   0x0800337a   0x00000002   PAD
    0x0800337c   0x0800337c   0x00000180   Code   RO          445    i.HAL_CAN_MspInit   can.o
    0x080034fc   0x080034fc   0x00000002   Code   RO         3643    i.HAL_CAN_RxFifo0FullCallback  stm32f4xx_hal_can.o
    0x080034fe   0x080034fe   0x0000000e   Code   RO         4594    i.HAL_CAN_RxFifo0MsgPendingCallback  bsp_can.o
    0x0800350c   0x0800350c   0x00000002   Code   RO         3645    i.HAL_CAN_RxFifo1FullCallback  stm32f4xx_hal_can.o
    0x0800350e   0x0800350e   0x0000000e   Code   RO         4595    i.HAL_CAN_RxFifo1MsgPendingCallback  bsp_can.o
    0x0800351c   0x0800351c   0x00000002   Code   RO         3647    i.HAL_CAN_SleepCallback  stm32f4xx_hal_can.o
    0x0800351e   0x0800351e   0x0000005e   Code   RO         3648    i.HAL_CAN_Start     stm32f4xx_hal_can.o
    0x0800357c   0x0800357c   0x00000002   Code   RO         3650    i.HAL_CAN_TxMailbox0AbortCallback  stm32f4xx_hal_can.o
    0x0800357e   0x0800357e   0x00000002   Code   RO         3651    i.HAL_CAN_TxMailbox0CompleteCallback  stm32f4xx_hal_can.o
    0x08003580   0x08003580   0x00000002   Code   RO         3652    i.HAL_CAN_TxMailbox1AbortCallback  stm32f4xx_hal_can.o
    0x08003582   0x08003582   0x00000002   Code   RO         3653    i.HAL_CAN_TxMailbox1CompleteCallback  stm32f4xx_hal_can.o
    0x08003584   0x08003584   0x00000002   Code   RO         3654    i.HAL_CAN_TxMailbox2AbortCallback  stm32f4xx_hal_can.o
    0x08003586   0x08003586   0x00000002   Code   RO         3655    i.HAL_CAN_TxMailbox2CompleteCallback  stm32f4xx_hal_can.o
    0x08003588   0x08003588   0x00000002   Code   RO         3657    i.HAL_CAN_WakeUpFromRxMsgCallback  stm32f4xx_hal_can.o
    0x0800358a   0x0800358a   0x00000028   Code   RO         2930    i.HAL_DMA_Abort_IT  stm32f4xx_hal_dma.o
    0x080035b2   0x080035b2   0x00000002   PAD
    0x080035b4   0x080035b4   0x00000240   Code   RO         2934    i.HAL_DMA_IRQHandler  stm32f4xx_hal_dma.o
    0x080037f4   0x080037f4   0x000000ec   Code   RO         2935    i.HAL_DMA_Init      stm32f4xx_hal_dma.o
    0x080038e0   0x080038e0   0x00000092   Code   RO         2939    i.HAL_DMA_Start_IT  stm32f4xx_hal_dma.o
    0x08003972   0x08003972   0x00000002   PAD
    0x08003974   0x08003974   0x00000028   Code   RO         3371    i.HAL_Delay         stm32f4xx_hal.o
    0x0800399c   0x0800399c   0x000001f4   Code   RO         2822    i.HAL_GPIO_Init     stm32f4xx_hal_gpio.o
    0x08003b90   0x08003b90   0x0000000c   Code   RO         2826    i.HAL_GPIO_WritePin  stm32f4xx_hal_gpio.o
    0x08003b9c   0x08003b9c   0x0000000c   Code   RO         3377    i.HAL_GetTick       stm32f4xx_hal.o
    0x08003ba8   0x08003ba8   0x00000018   Code   RO         3383    i.HAL_IncTick       stm32f4xx_hal.o
    0x08003bc0   0x08003bc0   0x0000003c   Code   RO         3384    i.HAL_Init          stm32f4xx_hal.o
    0x08003bfc   0x08003bfc   0x000000b4   Code   RO          803    i.HAL_InitTick      stm32f4xx_hal_timebase_tim.o
    0x08003cb0   0x08003cb0   0x00000054   Code   RO          779    i.HAL_MspInit       stm32f4xx_hal_msp.o
    0x08003d04   0x08003d04   0x00000028   Code   RO         3214    i.HAL_NVIC_EnableIRQ  stm32f4xx_hal_cortex.o
    0x08003d2c   0x08003d2c   0x0000007c   Code   RO         3220    i.HAL_NVIC_SetPriority  stm32f4xx_hal_cortex.o
    0x08003da8   0x08003da8   0x00000028   Code   RO         3221    i.HAL_NVIC_SetPriorityGrouping  stm32f4xx_hal_cortex.o
    0x08003dd0   0x08003dd0   0x00000002   Code   RO         2070    i.HAL_PCDEx_LPM_Callback  stm32f4xx_hal_pcd_ex.o
    0x08003dd2   0x08003dd2   0x0000000a   Code   RO         2071    i.HAL_PCDEx_SetRxFiFo  stm32f4xx_hal_pcd_ex.o
    0x08003ddc   0x08003ddc   0x0000004e   Code   RO         2072    i.HAL_PCDEx_SetTxFiFo  stm32f4xx_hal_pcd_ex.o
    0x08003e2a   0x08003e2a   0x0000000e   Code   RO         7796    i.HAL_PCD_ConnectCallback  usbd_conf.o
    0x08003e38   0x08003e38   0x00000020   Code   RO         7797    i.HAL_PCD_DataInStageCallback  usbd_conf.o
    0x08003e58   0x08003e58   0x00000020   Code   RO         7798    i.HAL_PCD_DataOutStageCallback  usbd_conf.o
    0x08003e78   0x08003e78   0x0000000e   Code   RO         7799    i.HAL_PCD_DisconnectCallback  usbd_conf.o
    0x08003e86   0x08003e86   0x00000042   Code   RO         1835    i.HAL_PCD_EP_Abort  stm32f4xx_hal_pcd.o
    0x08003ec8   0x08003ec8   0x0000006a   Code   RO         1836    i.HAL_PCD_EP_Close  stm32f4xx_hal_pcd.o
    0x08003f32   0x08003f32   0x0000007c   Code   RO         1837    i.HAL_PCD_EP_ClrStall  stm32f4xx_hal_pcd.o
    0x08003fae   0x08003fae   0x00000016   Code   RO         1839    i.HAL_PCD_EP_GetRxCount  stm32f4xx_hal_pcd.o
    0x08003fc4   0x08003fc4   0x0000008e   Code   RO         1840    i.HAL_PCD_EP_Open   stm32f4xx_hal_pcd.o
    0x08004052   0x08004052   0x00000046   Code   RO         1841    i.HAL_PCD_EP_Receive  stm32f4xx_hal_pcd.o
    0x08004098   0x08004098   0x0000008a   Code   RO         1842    i.HAL_PCD_EP_SetStall  stm32f4xx_hal_pcd.o
    0x08004122   0x08004122   0x00000048   Code   RO         1843    i.HAL_PCD_EP_Transmit  stm32f4xx_hal_pcd.o
    0x0800416a   0x0800416a   0x000006ca   Code   RO         1845    i.HAL_PCD_IRQHandler  stm32f4xx_hal_pcd.o
    0x08004834   0x08004834   0x00000012   Code   RO         7800    i.HAL_PCD_ISOINIncompleteCallback  usbd_conf.o
    0x08004846   0x08004846   0x00000012   Code   RO         7801    i.HAL_PCD_ISOOUTIncompleteCallback  usbd_conf.o
    0x08004858   0x08004858   0x0000015e   Code   RO         1848    i.HAL_PCD_Init      stm32f4xx_hal_pcd.o
    0x080049b6   0x080049b6   0x00000002   PAD
    0x080049b8   0x080049b8   0x000000a8   Code   RO         7803    i.HAL_PCD_MspInit   usbd_conf.o
    0x08004a60   0x08004a60   0x00000030   Code   RO         7804    i.HAL_PCD_ResetCallback  usbd_conf.o
    0x08004a90   0x08004a90   0x0000000e   Code   RO         7805    i.HAL_PCD_ResumeCallback  usbd_conf.o
    0x08004a9e   0x08004a9e   0x0000000e   Code   RO         7806    i.HAL_PCD_SOFCallback  usbd_conf.o
    0x08004aac   0x08004aac   0x00000034   Code   RO         1854    i.HAL_PCD_SetAddress  stm32f4xx_hal_pcd.o
    0x08004ae0   0x08004ae0   0x00000012   Code   RO         7807    i.HAL_PCD_SetupStageCallback  usbd_conf.o
    0x08004af2   0x08004af2   0x0000004c   Code   RO         1857    i.HAL_PCD_Start     stm32f4xx_hal_pcd.o
    0x08004b3e   0x08004b3e   0x00000002   PAD
    0x08004b40   0x08004b40   0x00000034   Code   RO         7808    i.HAL_PCD_SuspendCallback  usbd_conf.o
    0x08004b74   0x08004b74   0x00000184   Code   RO         2423    i.HAL_RCC_ClockConfig  stm32f4xx_hal_rcc.o
    0x08004cf8   0x08004cf8   0x00000044   Code   RO         2427    i.HAL_RCC_GetClockConfig  stm32f4xx_hal_rcc.o
    0x08004d3c   0x08004d3c   0x0000000c   Code   RO         2428    i.HAL_RCC_GetHCLKFreq  stm32f4xx_hal_rcc.o
    0x08004d48   0x08004d48   0x00000020   Code   RO         2430    i.HAL_RCC_GetPCLK1Freq  stm32f4xx_hal_rcc.o
    0x08004d68   0x08004d68   0x00000020   Code   RO         2431    i.HAL_RCC_GetPCLK2Freq  stm32f4xx_hal_rcc.o
    0x08004d88   0x08004d88   0x000000b0   Code   RO         2432    i.HAL_RCC_GetSysClockFreq  stm32f4xx_hal_rcc.o
    0x08004e38   0x08004e38   0x0000049c   Code   RO         2435    i.HAL_RCC_OscConfig  stm32f4xx_hal_rcc.o
    0x080052d4   0x080052d4   0x00000002   Code   RO         3863    i.HAL_SPI_ErrorCallback  stm32f4xx_hal_spi.o
    0x080052d6   0x080052d6   0x00000002   PAD
    0x080052d8   0x080052d8   0x0000015c   Code   RO         3866    i.HAL_SPI_IRQHandler  stm32f4xx_hal_spi.o
    0x08005434   0x08005434   0x000000c8   Code   RO         3867    i.HAL_SPI_Init      stm32f4xx_hal_spi.o
    0x080054fc   0x080054fc   0x00000168   Code   RO          518    i.HAL_SPI_MspInit   spi.o
    0x08005664   0x08005664   0x00000248   Code   RO         3876    i.HAL_SPI_TransmitReceive  stm32f4xx_hal_spi.o
    0x080058ac   0x080058ac   0x00000002   Code   RO         1559    i.HAL_TIMEx_BreakCallback  stm32f4xx_hal_tim_ex.o
    0x080058ae   0x080058ae   0x00000002   Code   RO         1560    i.HAL_TIMEx_CommutCallback  stm32f4xx_hal_tim_ex.o
    0x080058b0   0x080058b0   0x00000066   Code   RO          844    i.HAL_TIM_Base_Init  stm32f4xx_hal_tim.o
    0x08005916   0x08005916   0x00000002   PAD
    0x08005918   0x08005918   0x00000034   Code   RO          560    i.HAL_TIM_Base_MspInit  tim.o
    0x0800594c   0x0800594c   0x000000a8   Code   RO          849    i.HAL_TIM_Base_Start_IT  stm32f4xx_hal_tim.o
    0x080059f4   0x080059f4   0x00000002   Code   RO          878    i.HAL_TIM_IC_CaptureCallback  stm32f4xx_hal_tim.o
    0x080059f6   0x080059f6   0x0000016c   Code   RO          892    i.HAL_TIM_IRQHandler  stm32f4xx_hal_tim.o
    0x08005b62   0x08005b62   0x00000002   PAD
    0x08005b64   0x08005b64   0x00000060   Code   RO          561    i.HAL_TIM_MspPostInit  tim.o
    0x08005bc4   0x08005bc4   0x00000002   Code   RO          895    i.HAL_TIM_OC_DelayElapsedCallback  stm32f4xx_hal_tim.o
    0x08005bc6   0x08005bc6   0x00000104   Code   RO          916    i.HAL_TIM_PWM_ConfigChannel  stm32f4xx_hal_tim.o
    0x08005cca   0x08005cca   0x00000066   Code   RO          919    i.HAL_TIM_PWM_Init  stm32f4xx_hal_tim.o
    0x08005d30   0x08005d30   0x00000002   Code   RO          921    i.HAL_TIM_PWM_MspInit  stm32f4xx_hal_tim.o
    0x08005d32   0x08005d32   0x00000002   Code   RO          922    i.HAL_TIM_PWM_PulseFinishedCallback  stm32f4xx_hal_tim.o
    0x08005d34   0x08005d34   0x0000010c   Code   RO          924    i.HAL_TIM_PWM_Start  stm32f4xx_hal_tim.o
    0x08005e40   0x08005e40   0x00000018   Code   RO           14    i.HAL_TIM_PeriodElapsedCallback  main.o
    0x08005e58   0x08005e58   0x00000002   Code   RO          935    i.HAL_TIM_TriggerCallback  stm32f4xx_hal_tim.o
    0x08005e5a   0x08005e5a   0x00000070   Code   RO         4188    i.HAL_UARTEx_ReceiveToIdle_DMA  stm32f4xx_hal_uart.o
    0x08005eca   0x08005eca   0x00000002   PAD
    0x08005ecc   0x08005ecc   0x00000098   Code   RO         4733    i.HAL_UARTEx_RxEventCallback  bsp_usart.o
    0x08005f64   0x08005f64   0x00000070   Code   RO         4734    i.HAL_UART_ErrorCallback  bsp_usart.o
    0x08005fd4   0x08005fd4   0x00000076   Code   RO         4208    i.HAL_UART_Init     stm32f4xx_hal_uart.o
    0x0800604a   0x0800604a   0x00000002   PAD
    0x0800604c   0x0800604c   0x000001d0   Code   RO          608    i.HAL_UART_MspInit  usart.o
    0x0800621c   0x0800621c   0x00000002   Code   RO         4214    i.HAL_UART_RxCpltCallback  stm32f4xx_hal_uart.o
    0x0800621e   0x0800621e   0x00000002   Code   RO         4215    i.HAL_UART_RxHalfCpltCallback  stm32f4xx_hal_uart.o
    0x08006220   0x08006220   0x00000130   Code   RO         5579    i.H_K_R_Adjustment  kalman_filter.o
    0x08006350   0x08006350   0x00000004   Code   RO          665    i.HardFault_Handler  stm32f4xx_it.o
    0x08006354   0x08006354   0x0000000c   Code   RO         5479    i.IMUPWMSet         ins_task.o
    0x08006360   0x08006360   0x00000374   Code   RO         5480    i.IMU_Param_Correction  ins_task.o
    0x080066d4   0x080066d4   0x00000238   Code   RO         5786    i.IMU_QuaternionEKF_F_Linearization_P_Fading  quaternionekf.o
    0x0800690c   0x0800690c   0x00000118   Code   RO         5787    i.IMU_QuaternionEKF_Init  quaternionekf.o
    0x08006a24   0x08006a24   0x00000034   Code   RO         5788    i.IMU_QuaternionEKF_Observe  quaternionekf.o
    0x08006a58   0x08006a58   0x00000128   Code   RO         5789    i.IMU_QuaternionEKF_SetH  quaternionekf.o
    0x08006b80   0x08006b80   0x0000060c   Code   RO         5790    i.IMU_QuaternionEKF_Update  quaternionekf.o
    0x0800718c   0x0800718c   0x00000508   Code   RO         5791    i.IMU_QuaternionEKF_xhatUpdate  quaternionekf.o
    0x08007694   0x08007694   0x0000006c   Code   RO         5481    i.IMU_Temperature_Ctrl  ins_task.o
    0x08007700   0x08007700   0x000000ec   Code   RO         5482    i.INS_Init          ins_task.o
    0x080077ec   0x080077ec   0x00000218   Code   RO         5483    i.INS_Task          ins_task.o
    0x08007a04   0x08007a04   0x00000012   Code   RO          332    i.ImuTask_f         freertos.o
    0x08007a16   0x08007a16   0x00000002   PAD
    0x08007a18   0x08007a18   0x00000130   Code   RO         5484    i.InitQuaternion    ins_task.o
    0x08007b48   0x08007b48   0x0000003e   Code   RO         7651    i.IntToUnicode      usbd_desc.o
    0x08007b86   0x08007b86   0x00000002   PAD
    0x08007b88   0x08007b88   0x0000070c   Code   RO         5580    i.Kalman_Filter_Init  kalman_filter.o
    0x08008294   0x08008294   0x00000050   Code   RO         5581    i.Kalman_Filter_Measure  kalman_filter.o
    0x080082e4   0x080082e4   0x00000068   Code   RO         5582    i.Kalman_Filter_P_Update  kalman_filter.o
    0x0800834c   0x0800834c   0x00000068   Code   RO         5583    i.Kalman_Filter_PminusUpdate  kalman_filter.o
    0x080083b4   0x080083b4   0x000000d2   Code   RO         5584    i.Kalman_Filter_SetK  kalman_filter.o
    0x08008486   0x08008486   0x00000002   PAD
    0x08008488   0x08008488   0x00000128   Code   RO         5585    i.Kalman_Filter_Update  kalman_filter.o
    0x080085b0   0x080085b0   0x0000007c   Code   RO         5586    i.Kalman_Filter_xhatMinusUpdate  kalman_filter.o
    0x0800862c   0x0800862c   0x00000086   Code   RO         5587    i.Kalman_Filter_xhatUpdate  kalman_filter.o
    0x080086b2   0x080086b2   0x00000002   PAD
    0x080086b4   0x080086b4   0x00000044   Code   RO          446    i.MX_CAN1_Init      can.o
    0x080086f8   0x080086f8   0x00000044   Code   RO          447    i.MX_CAN2_Init      can.o
    0x0800873c   0x0800873c   0x00000088   Code   RO          493    i.MX_DMA_Init       dma.o
    0x080087c4   0x080087c4   0x0000007c   Code   RO          333    i.MX_FREERTOS_Init  freertos.o
    0x08008840   0x08008840   0x000001ec   Code   RO          306    i.MX_GPIO_Init      gpio.o
    0x08008a2c   0x08008a2c   0x00000048   Code   RO          519    i.MX_SPI1_Init      spi.o
    0x08008a74   0x08008a74   0x0000006c   Code   RO          562    i.MX_TIM10_Init     tim.o
    0x08008ae0   0x08008ae0   0x00000038   Code   RO          609    i.MX_USART1_UART_Init  usart.o
    0x08008b18   0x08008b18   0x0000003c   Code   RO          610    i.MX_USART3_UART_Init  usart.o
    0x08008b54   0x08008b54   0x0000004c   Code   RO         7615    i.MX_USB_DEVICE_Init  usb_device.o
    0x08008ba0   0x08008ba0   0x00000004   Code   RO          666    i.MemManage_Handler  stm32f4xx_it.o
    0x08008ba4   0x08008ba4   0x0000014c   Code   RO         4925    i.MotorSenderGrouping  dji_motor.o
    0x08008cf0   0x08008cf0   0x00000004   Code   RO          667    i.NMI_Handler       stm32f4xx_it.o
    0x08008cf4   0x08008cf4   0x00000088   Code   RO         6224    i.NacInit           nac.o
    0x08008d7c   0x08008d7c   0x00000014   Code   RO         6225    i.NacOfflineCallback  nac.o
    0x08008d90   0x08008d90   0x00000020   Code   RO         6226    i.NacRecvRegister   nac.o
    0x08008db0   0x08008db0   0x00000020   Code   RO         6228    i.NacSendRegister   nac.o
    0x08008dd0   0x08008dd0   0x00000054   Code   RO         5663    i.Norm3d            user_lib.o
    0x08008e24   0x08008e24   0x00000010   Code   RO          668    i.OTG_FS_IRQHandler  stm32f4xx_it.o
    0x08008e34   0x08008e34   0x00000064   Code   RO         1861    i.PCD_EP_OutSetupPacket_int  stm32f4xx_hal_pcd.o
    0x08008e98   0x08008e98   0x00000144   Code   RO         1862    i.PCD_EP_OutXfrComplete_int  stm32f4xx_hal_pcd.o
    0x08008fdc   0x08008fdc   0x000000b6   Code   RO         1863    i.PCD_WriteEmptyTxFifo  stm32f4xx_hal_pcd.o
    0x08009092   0x08009092   0x00000002   PAD
    0x08009094   0x08009094   0x00000184   Code   RO         4802    i.PIDCalculate      controller.o
    0x08009218   0x08009218   0x00000064   Code   RO         4803    i.PIDInit           controller.o
    0x0800927c   0x0800927c   0x00000020   Code   RO         5177    i.RCLostCallback    remote.o
    0x0800929c   0x0800929c   0x00000030   Code   RO         5178    i.RectifyRCjoystick  remote.o
    0x080092cc   0x080092cc   0x00000032   Code   RO         6230    i.RecvProcess       nac.o
    0x080092fe   0x080092fe   0x00000002   PAD
    0x08009300   0x08009300   0x00000054   Code   RO         5179    i.RemoteControlInit  remote.o
    0x08009354   0x08009354   0x00000020   Code   RO         5180    i.RemoteControlIsOnline  remote.o
    0x08009374   0x08009374   0x0000001c   Code   RO         5181    i.RemoteControlRxCallback  remote.o
    0x08009390   0x08009390   0x00000054   Code   RO         5902    i.RingBuffer_Peek   usb.o
    0x080093e4   0x080093e4   0x0000003c   Code   RO         5903    i.RingBuffer_Read   usb.o
    0x08009420   0x08009420   0x00000018   Code   RO         6159    i.RobotCMDInit      robot_cmd.o
    0x08009438   0x08009438   0x00000010   Code   RO          669    i.SPI1_IRQHandler   stm32f4xx_it.o
    0x08009448   0x08009448   0x00000014   Code   RO         3894    i.SPI_DMAAbortOnError  stm32f4xx_hal_spi.o
    0x0800945c   0x0800945c   0x00000088   Code   RO         3905    i.SPI_EndRxTxTransaction  stm32f4xx_hal_spi.o
    0x080094e4   0x080094e4   0x000000d8   Code   RO         3910    i.SPI_WaitFlagStateUntilTimeout  stm32f4xx_hal_spi.o
    0x080095bc   0x080095bc   0x00000012   Code   RO         8173    i.SWAPBYTE          usbd_ctlreq.o
    0x080095ce   0x080095ce   0x00000002   PAD
    0x080095d0   0x080095d0   0x00000068   Code   RO         5665    i.Sqrt              user_lib.o
    0x08009638   0x08009638   0x00000034   Code   RO         7536    i.SysTick_Handler   port.o
    0x0800966c   0x0800966c   0x000000b4   Code   RO           15    i.SystemClock_Config  main.o
    0x08009720   0x08009720   0x00000014   Code   RO         4552    i.SystemInit        system_stm32f4xx.o
    0x08009734   0x08009734   0x00000010   Code   RO          670    i.TIM8_TRG_COM_TIM14_IRQHandler  stm32f4xx_it.o
    0x08009744   0x08009744   0x000000e0   Code   RO          937    i.TIM_Base_SetConfig  stm32f4xx_hal_tim.o
    0x08009824   0x08009824   0x00000022   Code   RO          938    i.TIM_CCxChannelCmd  stm32f4xx_hal_tim.o
    0x08009846   0x08009846   0x00000002   PAD
    0x08009848   0x08009848   0x00000070   Code   RO          950    i.TIM_OC1_SetConfig  stm32f4xx_hal_tim.o
    0x080098b8   0x080098b8   0x0000007c   Code   RO          951    i.TIM_OC2_SetConfig  stm32f4xx_hal_tim.o
    0x08009934   0x08009934   0x00000078   Code   RO          952    i.TIM_OC3_SetConfig  stm32f4xx_hal_tim.o
    0x080099ac   0x080099ac   0x00000054   Code   RO          953    i.TIM_OC4_SetConfig  stm32f4xx_hal_tim.o
    0x08009a00   0x08009a00   0x00000050   Code   RO         4222    i.UART_DMAError     stm32f4xx_hal_uart.o
    0x08009a50   0x08009a50   0x000000b4   Code   RO         4223    i.UART_DMAReceiveCplt  stm32f4xx_hal_uart.o
    0x08009b04   0x08009b04   0x00000024   Code   RO         4225    i.UART_DMARxHalfCplt  stm32f4xx_hal_uart.o
    0x08009b28   0x08009b28   0x0000006c   Code   RO         4231    i.UART_EndRxTransfer  stm32f4xx_hal_uart.o
    0x08009b94   0x08009b94   0x00000026   Code   RO         4233    i.UART_EndTxTransfer  stm32f4xx_hal_uart.o
    0x08009bba   0x08009bba   0x00000002   PAD
    0x08009bbc   0x08009bbc   0x0000022c   Code   RO         4235    i.UART_SetConfig    stm32f4xx_hal_uart.o
    0x08009de8   0x08009de8   0x000000d8   Code   RO         4236    i.UART_Start_Receive_DMA  stm32f4xx_hal_uart.o
    0x08009ec0   0x08009ec0   0x00000050   Code   RO         4736    i.USARTRegister     bsp_usart.o
    0x08009f10   0x08009f10   0x0000002c   Code   RO         4738    i.USARTServiceInit  bsp_usart.o
    0x08009f3c   0x08009f3c   0x000000be   Code   RO         8344    i.USBD_CDC_DataIn   usbd_cdc.o
    0x08009ffa   0x08009ffa   0x00000048   Code   RO         8345    i.USBD_CDC_DataOut  usbd_cdc.o
    0x0800a042   0x0800a042   0x00000002   PAD
    0x0800a044   0x0800a044   0x000000d4   Code   RO         8346    i.USBD_CDC_DeInit   usbd_cdc.o
    0x0800a118   0x0800a118   0x00000050   Code   RO         8347    i.USBD_CDC_EP0_RxReady  usbd_cdc.o
    0x0800a168   0x0800a168   0x00000010   Code   RO         8348    i.USBD_CDC_GetDeviceQualifierDescriptor  usbd_cdc.o
    0x0800a178   0x0800a178   0x00000044   Code   RO         8349    i.USBD_CDC_GetFSCfgDesc  usbd_cdc.o
    0x0800a1bc   0x0800a1bc   0x00000048   Code   RO         8350    i.USBD_CDC_GetHSCfgDesc  usbd_cdc.o
    0x0800a204   0x0800a204   0x00000044   Code   RO         8351    i.USBD_CDC_GetOtherSpeedCfgDesc  usbd_cdc.o
    0x0800a248   0x0800a248   0x000001a0   Code   RO         8352    i.USBD_CDC_Init     usbd_cdc.o
    0x0800a3e8   0x0800a3e8   0x00000050   Code   RO         8353    i.USBD_CDC_ReceivePacket  usbd_cdc.o
    0x0800a438   0x0800a438   0x00000018   Code   RO         8354    i.USBD_CDC_RegisterInterface  usbd_cdc.o
    0x0800a450   0x0800a450   0x0000001e   Code   RO         8355    i.USBD_CDC_SetRxBuffer  usbd_cdc.o
    0x0800a46e   0x0800a46e   0x00000024   Code   RO         8356    i.USBD_CDC_SetTxBuffer  usbd_cdc.o
    0x0800a492   0x0800a492   0x00000140   Code   RO         8357    i.USBD_CDC_Setup    usbd_cdc.o
    0x0800a5d2   0x0800a5d2   0x00000002   PAD
    0x0800a5d4   0x0800a5d4   0x00000058   Code   RO         8358    i.USBD_CDC_TransmitPacket  usbd_cdc.o
    0x0800a62c   0x0800a62c   0x0000001c   Code   RO         8007    i.USBD_ClrClassConfig  usbd_core.o
    0x0800a648   0x0800a648   0x0000003e   Code   RO         8174    i.USBD_ClrFeature   usbd_ctlreq.o
    0x0800a686   0x0800a686   0x00000006   Code   RO         8008    i.USBD_CoreFindEP   usbd_core.o
    0x0800a68c   0x0800a68c   0x00000006   Code   RO         8009    i.USBD_CoreFindIF   usbd_core.o
    0x0800a692   0x0800a692   0x00000018   Code   RO         8280    i.USBD_CtlContinueRx  usbd_ioreq.o
    0x0800a6aa   0x0800a6aa   0x00000018   Code   RO         8281    i.USBD_CtlContinueSendData  usbd_ioreq.o
    0x0800a6c2   0x0800a6c2   0x00000018   Code   RO         8175    i.USBD_CtlError     usbd_ctlreq.o
    0x0800a6da   0x0800a6da   0x0000002e   Code   RO         8282    i.USBD_CtlPrepareRx  usbd_ioreq.o
    0x0800a708   0x0800a708   0x0000001a   Code   RO         8283    i.USBD_CtlReceiveStatus  usbd_ioreq.o
    0x0800a722   0x0800a722   0x00000024   Code   RO         8284    i.USBD_CtlSendData  usbd_ioreq.o
    0x0800a746   0x0800a746   0x0000001a   Code   RO         8285    i.USBD_CtlSendStatus  usbd_ioreq.o
    0x0800a760   0x0800a760   0x00000034   Code   RO         7652    i.USBD_FS_ConfigStrDescriptor  usbd_desc.o
    0x0800a794   0x0800a794   0x00000010   Code   RO         7653    i.USBD_FS_DeviceDescriptor  usbd_desc.o
    0x0800a7a4   0x0800a7a4   0x00000038   Code   RO         7654    i.USBD_FS_InterfaceStrDescriptor  usbd_desc.o
    0x0800a7dc   0x0800a7dc   0x00000010   Code   RO         7655    i.USBD_FS_LangIDStrDescriptor  usbd_desc.o
    0x0800a7ec   0x0800a7ec   0x0000002c   Code   RO         7656    i.USBD_FS_ManufacturerStrDescriptor  usbd_desc.o
    0x0800a818   0x0800a818   0x00000040   Code   RO         7657    i.USBD_FS_ProductStrDescriptor  usbd_desc.o
    0x0800a858   0x0800a858   0x00000018   Code   RO         7658    i.USBD_FS_SerialStrDescriptor  usbd_desc.o
    0x0800a870   0x0800a870   0x00000056   Code   RO         8176    i.USBD_GetConfig    usbd_ctlreq.o
    0x0800a8c6   0x0800a8c6   0x000001fc   Code   RO         8177    i.USBD_GetDescriptor  usbd_ctlreq.o
    0x0800aac2   0x0800aac2   0x00000050   Code   RO         8011    i.USBD_GetEpDesc    usbd_core.o
    0x0800ab12   0x0800ab12   0x00000016   Code   RO         8178    i.USBD_GetLen       usbd_ctlreq.o
    0x0800ab28   0x0800ab28   0x00000014   Code   RO         8012    i.USBD_GetNextDesc  usbd_core.o
    0x0800ab3c   0x0800ab3c   0x0000005a   Code   RO         8179    i.USBD_GetStatus    usbd_ctlreq.o
    0x0800ab96   0x0800ab96   0x00000068   Code   RO         8180    i.USBD_GetString    usbd_ctlreq.o
    0x0800abfe   0x0800abfe   0x0000002c   Code   RO         7809    i.USBD_Get_USB_Status  usbd_conf.o
    0x0800ac2a   0x0800ac2a   0x0000003a   Code   RO         8013    i.USBD_Init         usbd_core.o
    0x0800ac64   0x0800ac64   0x00000026   Code   RO         7810    i.USBD_LL_ClearStallEP  usbd_conf.o
    0x0800ac8a   0x0800ac8a   0x00000026   Code   RO         7811    i.USBD_LL_CloseEP   usbd_conf.o
    0x0800acb0   0x0800acb0   0x00000110   Code   RO         8014    i.USBD_LL_DataInStage  usbd_core.o
    0x0800adc0   0x0800adc0   0x0000010a   Code   RO         8015    i.USBD_LL_DataOutStage  usbd_core.o
    0x0800aeca   0x0800aeca   0x00000006   Code   RO         8016    i.USBD_LL_DevConnected  usbd_core.o
    0x0800aed0   0x0800aed0   0x00000026   Code   RO         8017    i.USBD_LL_DevDisconnected  usbd_core.o
    0x0800aef6   0x0800aef6   0x00000012   Code   RO         7815    i.USBD_LL_GetRxDataSize  usbd_conf.o
    0x0800af08   0x0800af08   0x00000068   Code   RO         7816    i.USBD_LL_Init      usbd_conf.o
    0x0800af70   0x0800af70   0x00000038   Code   RO         7817    i.USBD_LL_IsStallEP  usbd_conf.o
    0x0800afa8   0x0800afa8   0x00000048   Code   RO         8018    i.USBD_LL_IsoINIncomplete  usbd_core.o
    0x0800aff0   0x0800aff0   0x00000048   Code   RO         8019    i.USBD_LL_IsoOUTIncomplete  usbd_core.o
    0x0800b038   0x0800b038   0x00000030   Code   RO         7818    i.USBD_LL_OpenEP    usbd_conf.o
    0x0800b068   0x0800b068   0x00000030   Code   RO         7819    i.USBD_LL_PrepareReceive  usbd_conf.o
    0x0800b098   0x0800b098   0x0000006e   Code   RO         8020    i.USBD_LL_Reset     usbd_core.o
    0x0800b106   0x0800b106   0x00000016   Code   RO         8021    i.USBD_LL_Resume    usbd_core.o
    0x0800b11c   0x0800b11c   0x00000028   Code   RO         8022    i.USBD_LL_SOF       usbd_core.o
    0x0800b144   0x0800b144   0x00000008   Code   RO         8023    i.USBD_LL_SetSpeed  usbd_core.o
    0x0800b14c   0x0800b14c   0x00000026   Code   RO         7820    i.USBD_LL_SetUSBAddress  usbd_conf.o
    0x0800b172   0x0800b172   0x00000076   Code   RO         8024    i.USBD_LL_SetupStage  usbd_core.o
    0x0800b1e8   0x0800b1e8   0x00000026   Code   RO         7821    i.USBD_LL_StallEP   usbd_conf.o
    0x0800b20e   0x0800b20e   0x0000001e   Code   RO         7822    i.USBD_LL_Start     usbd_conf.o
    0x0800b22c   0x0800b22c   0x0000001c   Code   RO         8025    i.USBD_LL_Suspend   usbd_core.o
    0x0800b248   0x0800b248   0x00000030   Code   RO         7824    i.USBD_LL_Transmit  usbd_conf.o
    0x0800b278   0x0800b278   0x00000036   Code   RO         8181    i.USBD_ParseSetupRequest  usbd_ctlreq.o
    0x0800b2ae   0x0800b2ae   0x00000048   Code   RO         8026    i.USBD_RegisterClass  usbd_core.o
    0x0800b2f6   0x0800b2f6   0x00000006   Code   RO         8027    i.USBD_RunTestMode  usbd_core.o
    0x0800b2fc   0x0800b2fc   0x0000005a   Code   RO         8182    i.USBD_SetAddress   usbd_ctlreq.o
    0x0800b356   0x0800b356   0x00000020   Code   RO         8028    i.USBD_SetClassConfig  usbd_core.o
    0x0800b376   0x0800b376   0x00000002   PAD
    0x0800b378   0x0800b378   0x00000104   Code   RO         8183    i.USBD_SetConfig    usbd_ctlreq.o
    0x0800b47c   0x0800b47c   0x00000038   Code   RO         8184    i.USBD_SetFeature   usbd_ctlreq.o
    0x0800b4b4   0x0800b4b4   0x0000000c   Code   RO         8029    i.USBD_Start        usbd_core.o
    0x0800b4c0   0x0800b4c0   0x000000ae   Code   RO         8185    i.USBD_StdDevReq    usbd_ctlreq.o
    0x0800b56e   0x0800b56e   0x00000284   Code   RO         8186    i.USBD_StdEPReq     usbd_ctlreq.o
    0x0800b7f2   0x0800b7f2   0x000000ae   Code   RO         8187    i.USBD_StdItfReq    usbd_ctlreq.o
    0x0800b8a0   0x0800b8a0   0x00000002   Code   RO         7825    i.USBD_static_free  usbd_conf.o
    0x0800b8a2   0x0800b8a2   0x00000002   PAD
    0x0800b8a4   0x0800b8a4   0x0000000c   Code   RO         7826    i.USBD_static_malloc  usbd_conf.o
    0x0800b8b0   0x0800b8b0   0x000000d0   Code   RO         2112    i.USB_ActivateEndpoint  stm32f4xx_ll_usb.o
    0x0800b980   0x0800b980   0x00000028   Code   RO         2114    i.USB_ActivateSetup  stm32f4xx_ll_usb.o
    0x0800b9a8   0x0800b9a8   0x0000008c   Code   RO         2116    i.USB_CoreInit      stm32f4xx_ll_usb.o
    0x0800ba34   0x0800ba34   0x00000062   Code   RO         2117    i.USB_CoreReset     stm32f4xx_ll_usb.o
    0x0800ba96   0x0800ba96   0x00000002   PAD
    0x0800ba98   0x0800ba98   0x0000014c   Code   RO         2120    i.USB_DeactivateEndpoint  stm32f4xx_ll_usb.o
    0x0800bbe4   0x0800bbe4   0x00000024   Code   RO         2121    i.USB_DevConnect    stm32f4xx_ll_usb.o
    0x0800bc08   0x0800bc08   0x00000024   Code   RO         2122    i.USB_DevDisconnect  stm32f4xx_ll_usb.o
    0x0800bc2c   0x0800bc2c   0x000001e8   Code   RO         2123    i.USB_DevInit       stm32f4xx_ll_usb.o
    0x0800be14   0x0800be14   0x0000000e   Code   RO         2124    i.USB_DisableGlobalInt  stm32f4xx_ll_usb.o
    0x0800be22   0x0800be22   0x00000002   PAD
    0x0800be24   0x0800be24   0x00000070   Code   RO         2127    i.USB_EP0_OutStart  stm32f4xx_ll_usb.o
    0x0800be94   0x0800be94   0x0000008e   Code   RO         2128    i.USB_EPClearStall  stm32f4xx_ll_usb.o
    0x0800bf22   0x0800bf22   0x0000009a   Code   RO         2129    i.USB_EPSetStall    stm32f4xx_ll_usb.o
    0x0800bfbc   0x0800bfbc   0x000003c0   Code   RO         2130    i.USB_EPStartXfer   stm32f4xx_ll_usb.o
    0x0800c37c   0x0800c37c   0x000000ec   Code   RO         2131    i.USB_EPStopXfer    stm32f4xx_ll_usb.o
    0x0800c468   0x0800c468   0x0000000e   Code   RO         2132    i.USB_EnableGlobalInt  stm32f4xx_ll_usb.o
    0x0800c476   0x0800c476   0x00000050   Code   RO         2133    i.USB_FlushRxFifo   stm32f4xx_ll_usb.o
    0x0800c4c6   0x0800c4c6   0x00000054   Code   RO         2134    i.USB_FlushTxFifo   stm32f4xx_ll_usb.o
    0x0800c51a   0x0800c51a   0x00000026   Code   RO         2136    i.USB_GetDevSpeed   stm32f4xx_ll_usb.o
    0x0800c540   0x0800c540   0x0000000a   Code   RO         2138    i.USB_GetMode       stm32f4xx_ll_usb.o
    0x0800c54a   0x0800c54a   0x00000002   PAD
    0x0800c54c   0x0800c54c   0x00000054   Code   RO         5904    i.USB_Init          usb.o
    0x0800c5a0   0x0800c5a0   0x000000ec   Code   RO         5905    i.USB_ProcessTask   usb.o
    0x0800c68c   0x0800c68c   0x00000014   Code   RO         2146    i.USB_ReadDevAllInEpInterrupt  stm32f4xx_ll_usb.o
    0x0800c6a0   0x0800c6a0   0x00000014   Code   RO         2147    i.USB_ReadDevAllOutEpInterrupt  stm32f4xx_ll_usb.o
    0x0800c6b4   0x0800c6b4   0x00000032   Code   RO         2148    i.USB_ReadDevInEPInterrupt  stm32f4xx_ll_usb.o
    0x0800c6e6   0x0800c6e6   0x0000001a   Code   RO         2149    i.USB_ReadDevOutEPInterrupt  stm32f4xx_ll_usb.o
    0x0800c700   0x0800c700   0x0000000a   Code   RO         2150    i.USB_ReadInterrupts  stm32f4xx_ll_usb.o
    0x0800c70a   0x0800c70a   0x00000060   Code   RO         2151    i.USB_ReadPacket    stm32f4xx_ll_usb.o
    0x0800c76a   0x0800c76a   0x00000002   PAD
    0x0800c76c   0x0800c76c   0x0000005c   Code   RO         5907    i.USB_RxHandler     usb.o
    0x0800c7c8   0x0800c7c8   0x00000068   Code   RO         2153    i.USB_SetCurrentMode  stm32f4xx_ll_usb.o
    0x0800c830   0x0800c830   0x0000002a   Code   RO         2154    i.USB_SetDevAddress  stm32f4xx_ll_usb.o
    0x0800c85a   0x0800c85a   0x00000012   Code   RO         2155    i.USB_SetDevSpeed   stm32f4xx_ll_usb.o
    0x0800c86c   0x0800c86c   0x000000e8   Code   RO         2156    i.USB_SetTurnaroundTime  stm32f4xx_ll_usb.o
    0x0800c954   0x0800c954   0x00000018   Code   RO         5908    i.USB_Transmit      usb.o
    0x0800c96c   0x0800c96c   0x00000044   Code   RO         2159    i.USB_WritePacket   stm32f4xx_ll_usb.o
    0x0800c9b0   0x0800c9b0   0x00000004   Code   RO          671    i.UsageFault_Handler  stm32f4xx_it.o
    0x0800c9b4   0x0800c9b4   0x0000000e   Code   RO          334    i.Usb_f             freertos.o
    0x0800c9c2   0x0800c9c2   0x00000026   Code   RO         8954    i.__ARM_fpclassifyf  m_wm.l(fpclassifyf.o)
    0x0800c9e8   0x0800c9e8   0x00000010   Code   RO         3227    i.__NVIC_GetPriorityGrouping  stm32f4xx_hal_cortex.o
    0x0800c9f8   0x0800c9f8   0x00000028   Code   RO         3228    i.__NVIC_SetPriority  stm32f4xx_hal_cortex.o
    0x0800ca20   0x0800ca20   0x00000118   Code   RO         8777    i.__hardfp_acosf    m_wm.l(acosf.o)
    0x0800cb38   0x0800cb38   0x0000012c   Code   RO         8789    i.__hardfp_asinf    m_wm.l(asinf.o)
    0x0800cc64   0x0800cc64   0x000002ac   Code   RO         8801    i.__hardfp_atan2f   m_wm.l(atan2f.o)
    0x0800cf10   0x0800cf10   0x00000150   Code   RO         8813    i.__hardfp_cosf     m_wm.l(cosf.o)
    0x0800d060   0x0800d060   0x00000190   Code   RO         8825    i.__hardfp_sinf     m_wm.l(sinf.o)
    0x0800d1f0   0x0800d1f0   0x0000003a   Code   RO         8837    i.__hardfp_sqrtf    m_wm.l(sqrtf.o)
    0x0800d22a   0x0800d22a   0x00000006   Code   RO         8957    i.__mathlib_flt_infnan  m_wm.l(funder.o)
    0x0800d230   0x0800d230   0x00000006   Code   RO         8958    i.__mathlib_flt_infnan2  m_wm.l(funder.o)
    0x0800d236   0x0800d236   0x00000002   PAD
    0x0800d238   0x0800d238   0x00000010   Code   RO         8959    i.__mathlib_flt_invalid  m_wm.l(funder.o)
    0x0800d248   0x0800d248   0x00000010   Code   RO         8962    i.__mathlib_flt_underflow  m_wm.l(funder.o)
    0x0800d258   0x0800d258   0x00000154   Code   RO         8970    i.__mathlib_rredf2  m_wm.l(rredf.o)
    0x0800d3ac   0x0800d3ac   0x0000000c   Code   RO         6186    i.all_cmd_Task      test.o
    0x0800d3b8   0x0800d3b8   0x00000008   Code   RO         6187    i.all_init_Task     test.o
    0x0800d3c0   0x0800d3c0   0x00000184   Code   RO         5347    i.bmi088_accel_init  bmi088driver.o
    0x0800d544   0x0800d544   0x00000148   Code   RO         5348    i.bmi088_gyro_init  bmi088driver.o
    0x0800d68c   0x0800d68c   0x000000c8   Code   RO         4804    i.f_Changing_Integration_Rate  controller.o
    0x0800d754   0x0800d754   0x00000042   Code   RO         4805    i.f_Derivative_Filter  controller.o
    0x0800d796   0x0800d796   0x00000022   Code   RO         4806    i.f_Derivative_On_Measurement  controller.o
    0x0800d7b8   0x0800d7b8   0x000000d4   Code   RO         4807    i.f_Integral_Limit  controller.o
    0x0800d88c   0x0800d88c   0x00000042   Code   RO         4808    i.f_Output_Filter   controller.o
    0x0800d8ce   0x0800d8ce   0x0000003e   Code   RO         4809    i.f_Output_Limit    controller.o
    0x0800d90c   0x0800d90c   0x000000bc   Code   RO         4810    i.f_PID_ErrorHandle  controller.o
    0x0800d9c8   0x0800d9c8   0x00000084   Code   RO         4811    i.f_Trapezoid_Intergral  controller.o
    0x0800da4c   0x0800da4c   0x0000000a   Code   RO         4812    i.fabsf             controller.o
    0x0800da56   0x0800da56   0x0000000a   Code   RO         5349    i.fabsf             bmi088driver.o
    0x0800da60   0x0800da60   0x0000002a   Code   RO         5667    i.float_constrain   user_lib.o
    0x0800da8a   0x0800da8a   0x00000002   PAD
    0x0800da8c   0x0800da8c   0x00000048   Code   RO         5669    i.float_rounding    user_lib.o
    0x0800dad4   0x0800dad4   0x0000003c   Code   RO         5792    i.invSqrt           quaternionekf.o
    0x0800db10   0x0800db10   0x0000003c   Code   RO           16    i.main              main.o
    0x0800db4c   0x0800db4c   0x0000000e   Code   RO         7101    i.makeFreeRtosPriority  cmsis_os.o
    0x0800db5a   0x0800db5a   0x00000018   Code   RO         7103    i.osDelay           cmsis_os.o
    0x0800db72   0x0800db72   0x0000000a   Code   RO         7106    i.osKernelStart     cmsis_os.o
    0x0800db7c   0x0800db7c   0x0000005e   Code   RO         7140    i.osThreadCreate    cmsis_os.o
    0x0800dbda   0x0800dbda   0x00000002   PAD
    0x0800dbdc   0x0800dbdc   0x00000098   Code   RO         6766    i.prvAddCurrentTaskToDelayedList  tasks.o
    0x0800dc74   0x0800dc74   0x000000b4   Code   RO         6767    i.prvAddNewTaskToReadyList  tasks.o
    0x0800dd28   0x0800dd28   0x00000048   Code   RO         6768    i.prvCheckTasksWaitingTermination  tasks.o
    0x0800dd70   0x0800dd70   0x00000050   Code   RO         6769    i.prvDeleteTCB      tasks.o
    0x0800ddc0   0x0800ddc0   0x0000007c   Code   RO         7468    i.prvHeapInit       heap_4.o
    0x0800de3c   0x0800de3c   0x00000028   Code   RO         6770    i.prvIdleTask       tasks.o
    0x0800de64   0x0800de64   0x000000b4   Code   RO         6771    i.prvInitialiseNewTask  tasks.o
    0x0800df18   0x0800df18   0x00000068   Code   RO         6772    i.prvInitialiseTaskLists  tasks.o
    0x0800df80   0x0800df80   0x00000068   Code   RO         7469    i.prvInsertBlockIntoFreeList  heap_4.o
    0x0800dfe8   0x0800dfe8   0x00000034   Code   RO         6773    i.prvResetNextTaskUnblockTime  tasks.o
    0x0800e01c   0x0800e01c   0x00000040   Code   RO         7537    i.prvTaskExitError  port.o
    0x0800e05c   0x0800e05c   0x0000014c   Code   RO         7470    i.pvPortMalloc      heap_4.o
    0x0800e1a8   0x0800e1a8   0x0000002c   Code   RO         7538    i.pxPortInitialiseStack  port.o
    0x0800e1d4   0x0800e1d4   0x000001a8   Code   RO         5182    i.sbus_to_rc        remote.o
    0x0800e37c   0x0800e37c   0x0000003e   Code   RO         8839    i.sqrtf             m_wm.l(sqrtf.o)
    0x0800e3ba   0x0800e3ba   0x00000028   Code   RO         6392    i.uxListRemove      list.o
    0x0800e3e2   0x0800e3e2   0x00000002   PAD
    0x0800e3e4   0x0800e3e4   0x00000018   Code   RO          335    i.vApplicationGetIdleTaskMemory  freertos.o
    0x0800e3fc   0x0800e3fc   0x0000001a   Code   RO         6393    i.vListInitialise   list.o
    0x0800e416   0x0800e416   0x00000006   Code   RO         6394    i.vListInitialiseItem  list.o
    0x0800e41c   0x0800e41c   0x00000034   Code   RO         6395    i.vListInsert       list.o
    0x0800e450   0x0800e450   0x00000018   Code   RO         6396    i.vListInsertEnd    list.o
    0x0800e468   0x0800e468   0x00000054   Code   RO         7540    i.vPortEnterCritical  port.o
    0x0800e4bc   0x0800e4bc   0x0000003c   Code   RO         7541    i.vPortExitCritical  port.o
    0x0800e4f8   0x0800e4f8   0x000000a4   Code   RO         7471    i.vPortFree         heap_4.o
    0x0800e59c   0x0800e59c   0x00000028   Code   RO         7542    i.vPortSetupTimerInterrupt  port.o
    0x0800e5c4   0x0800e5c4   0x0000005c   Code   RO         6782    i.vTaskDelay        tasks.o
    0x0800e620   0x0800e620   0x000000b0   Code   RO         6796    i.vTaskStartScheduler  tasks.o
    0x0800e6d0   0x0800e6d0   0x00000010   Code   RO         6798    i.vTaskSuspendAll   tasks.o
    0x0800e6e0   0x0800e6e0   0x0000008c   Code   RO         6799    i.vTaskSwitchContext  tasks.o
    0x0800e76c   0x0800e76c   0x00000168   Code   RO         7544    i.xPortStartScheduler  port.o
    0x0800e8d4   0x0800e8d4   0x00000064   Code   RO         6802    i.xTaskCreate       tasks.o
    0x0800e938   0x0800e938   0x000000ba   Code   RO         6803    i.xTaskCreateStatic  tasks.o
    0x0800e9f2   0x0800e9f2   0x00000002   PAD
    0x0800e9f4   0x0800e9f4   0x00000148   Code   RO         6810    i.xTaskIncrementTick  tasks.o
    0x0800eb3c   0x0800eb3c   0x00000104   Code   RO         6816    i.xTaskResumeAll    tasks.o
    0x0800ec40   0x0800ec40   0x00000062   Code   RO         8751    x$fpl$d2f           fz_wm.l(d2f.o)
    0x0800eca2   0x0800eca2   0x00000002   PAD
    0x0800eca4   0x0800eca4   0x000002b0   Code   RO         8760    x$fpl$ddiv          fz_wm.l(ddiv.o)
    0x0800ef54   0x0800ef54   0x00000154   Code   RO         8771    x$fpl$dmul          fz_wm.l(dmul.o)
    0x0800f0a8   0x0800f0a8   0x0000009c   Code   RO         8945    x$fpl$dnaninf       fz_wm.l(dnaninf.o)
    0x0800f144   0x0800f144   0x0000000c   Code   RO         8947    x$fpl$dretinf       fz_wm.l(dretinf.o)
    0x0800f150   0x0800f150   0x00000056   Code   RO         8775    x$fpl$f2d           fz_wm.l(f2d.o)
    0x0800f1a6   0x0800f1a6   0x0000008c   Code   RO         8949    x$fpl$fnaninf       fz_wm.l(fnaninf.o)
    0x0800f232   0x0800f232   0x0000000a   Code   RO         9019    x$fpl$fpinit        fz_wm.l(fpinit.o)
    0x0800f23c   0x0800f23c   0x0000000a   Code   RO         8951    x$fpl$fretinf       fz_wm.l(fretinf.o)
    0x0800f246   0x0800f246   0x00000000   Code   RO         8953    x$fpl$usenofp       fz_wm.l(usenofp.o)
    0x0800f246   0x0800f246   0x00000002   PAD
    0x0800f248   0x0800f248   0x00000070   Data   RO          337    .constdata          freertos.o
    0x0800f2b8   0x0800f2b8   0x00000008   Data   RO         2941    .constdata          stm32f4xx_hal_dma.o
    0x0800f2c0   0x0800f2c0   0x00000018   Data   RO         4553    .constdata          system_stm32f4xx.o
    0x0800f2d8   0x0800f2d8   0x0000000c   Data   RO         4927    .constdata          dji_motor.o
    0x0800f2e4   0x0800f2e4   0x0000000c   Data   RO         5184    .constdata          remote.o
    0x0800f2f0   0x0800f2f0   0x00000068   Data   RO         5488    .constdata          ins_task.o
    0x0800f358   0x0800f358   0x00000090   Data   RO         5794    .constdata          quaternionekf.o
    0x0800f3e8   0x0800f3e8   0x0000025c   Data   RO         5990    .constdata          chassis.o
    0x0800f644   0x0800f644   0x00000014   Data   RO         6233    .constdata          nac.o
    0x0800f658   0x0800f658   0x00000020   Data   RO         8971    .constdata          m_wm.l(rredf.o)
    0x0800f678   0x0800f678   0x00000024   Data   RO          338    .conststring        freertos.o
    0x0800f69c   0x0800f69c   0x00000804   Data   RO         8634    .rodata.sinTable_f32  arm_cortexM4lf_math.lib(arm_common_tables.o)
    0x0800fea0   0x0800fea0   0x00000020   Data   RO         9110    Region$$Table       anon$$obj.o


    Execution Region RW_IRAM1 (Exec base: 0x20000000, Load base: 0x0800fec0, Size: 0x000180c8, Max: 0x00020000, ABSOLUTE, COMPRESSED[0x00000138])

    Exec Addr    Load Addr    Size         Type   Attr      Idx    E Section Name        Object

    0x20000000   COMPRESSED   0x00000010   Data   RW          339    .data               freertos.o
    0x20000010   COMPRESSED   0x00000004   Data   RW          449    .data               can.o
    0x20000014   COMPRESSED   0x00000009   Data   RW         3391    .data               stm32f4xx_hal.o
    0x2000001d   COMPRESSED   0x00000003   PAD
    0x20000020   COMPRESSED   0x00000004   Data   RW         4554    .data               system_stm32f4xx.o
    0x20000024   COMPRESSED   0x0000000c   Data   RW         4597    .data               bsp_can.o
    0x20000030   COMPRESSED   0x00000048   Data   RW         4666    .data               bsp_dwt.o
    0x20000078   COMPRESSED   0x00000001   Data   RW         4740    .data               bsp_usart.o
    0x20000079   COMPRESSED   0x00000003   PAD
    0x2000007c   COMPRESSED   0x00000008   Data   RW         4813    .data               controller.o
    0x20000084   COMPRESSED   0x0000018d   Data   RW         4928    .data               dji_motor.o
    0x20000211   COMPRESSED   0x00000003   PAD
    0x20000214   COMPRESSED   0x0000000c   Data   RW         5185    .data               remote.o
    0x20000220   COMPRESSED   0x00000001   Data   RW         5295    .data               daemon.o
    0x20000221   COMPRESSED   0x00000003   PAD
    0x20000224   COMPRESSED   0x00000048   Data   RW         5351    .data               bmi088driver.o
    0x2000026c   COMPRESSED   0x00000004   Data   RW         5427    .data               bmi088middleware.o
    0x20000270   COMPRESSED   0x00000044   Data   RW         5489    .data               ins_task.o
    0x200002b4   COMPRESSED   0x00000004   Data   RW         5588    .data               kalman_filter.o
    0x200002b8   COMPRESSED   0x00000008   Data   RW         5675    .data               user_lib.o
    0x200002c0   COMPRESSED   0x000000d4   Data   RW         5795    .data               quaternionekf.o
    0x20000394   COMPRESSED   0x00000019   Data   RW         5911    .data               usb.o
    0x200003ad   COMPRESSED   0x00000003   PAD
    0x200003b0   COMPRESSED   0x0000005c   Data   RW         5991    .data               chassis.o
    0x2000040c   COMPRESSED   0x00000040   Data   RW         6078    .data               shoot.o
    0x2000044c   COMPRESSED   0x0000000c   Data   RW         6234    .data               nac.o
    0x20000458   COMPRESSED   0x0000003c   Data   RW         6819    .data               tasks.o
    0x20000494   COMPRESSED   0x00000020   Data   RW         7477    .data               heap_4.o
    0x200004b4   COMPRESSED   0x0000000c   Data   RW         7545    .data               port.o
    0x200004c0   COMPRESSED   0x0000004e   Data   RW         7660    .data               usbd_desc.o
    0x2000050e   COMPRESSED   0x00000002   PAD
    0x20000510   COMPRESSED   0x00000014   Data   RW         7738    .data               usbd_cdc_if.o
    0x20000524   COMPRESSED   0x00000001   Data   RW         8188    .data               usbd_ctlreq.o
    0x20000525   COMPRESSED   0x00000003   PAD
    0x20000528   COMPRESSED   0x0000008a   Data   RW         8359    .data               usbd_cdc.o
    0x200005b2   COMPRESSED   0x00000002   PAD
    0x200005b4        -       0x00000264   Zero   RW          336    .bss                freertos.o
    0x20000818        -       0x00000050   Zero   RW          448    .bss                can.o
    0x20000868        -       0x00000118   Zero   RW          520    .bss                spi.o
    0x20000980        -       0x00000048   Zero   RW          563    .bss                tim.o
    0x200009c8        -       0x00000150   Zero   RW          611    .bss                usart.o
    0x20000b18        -       0x00000048   Zero   RW          806    .bss                stm32f4xx_hal_timebase_tim.o
    0x20000b60        -       0x0000005c   Zero   RW         4596    .bss                bsp_can.o
    0x20000bbc        -       0x0000000c   Zero   RW         4739    .bss                bsp_usart.o
    0x20000bc8        -       0x00000030   Zero   RW         4926    .bss                dji_motor.o
    0x20000bf8        -       0x00000094   Zero   RW         5183    .bss                remote.o
    0x20000c8c        -       0x00000080   Zero   RW         5294    .bss                daemon.o
    0x20000d0c        -       0x00000040   Zero   RW         5350    .bss                bmi088driver.o
    0x20000d4c   COMPRESSED   0x00000004   PAD
    0x20000d50        -       0x00000110   Zero   RW         5487    .bss                ins_task.o
    0x20000e60        -       0x00000270   Zero   RW         5793    .bss                quaternionekf.o
    0x200010d0        -       0x00000400   Zero   RW         5910    .bss                usb.o
    0x200014d0        -       0x000000a2   Zero   RW         5989    .bss                chassis.o
    0x20001572   COMPRESSED   0x00000002   PAD
    0x20001574        -       0x000000f0   Zero   RW         6818    .bss                tasks.o
    0x20001664        -       0x00004e20   Zero   RW         7476    .bss                heap_4.o
    0x20006484        -       0x000002dc   Zero   RW         7616    .bss                usb_device.o
    0x20006760        -       0x00000200   Zero   RW         7659    .bss                usbd_desc.o
    0x20006960        -       0x00001000   Zero   RW         7737    .bss                usbd_cdc_if.o
    0x20007960        -       0x00000704   Zero   RW         7827    .bss                usbd_conf.o
    0x20008064        -       0x00000060   Zero   RW         8976    .bss                c_w.l(libspace.o)
    0x200080c4   COMPRESSED   0x00000004   PAD
    0x200080c8        -       0x00008000   Zero   RW            2    HEAP                startup_stm32f407xx.o
    0x200100c8        -       0x00008000   Zero   RW            1    STACK               startup_stm32f407xx.o


==============================================================================

Image component sizes


      Code (inc. data)   RO Data    RW Data    ZI Data      Debug   Object Name

         0          0          0          0          0       1676   arm.o
      2980        194          0         72         64      10860   bmi088driver.o
       116         30          0          4          0       3416   bmi088middleware.o
       632         50          0         12         92       6256   bsp_can.o
       696        126          0         72          0       5488   bsp_dwt.o
       388         28          0          1         12       5537   bsp_usart.o
       520         44          0          4         80       2670   can.o
       600         98        604         92        162       3570   chassis.o
       142          0          0          0          0      23255   cmsis_os.o
      1458         50          0          8          0      13072   controller.o
       110          8          0          1        128       3149   daemon.o
      1310         78         12        397         48      12975   dji_motor.o
       136          6          0          0          0        986   dma.o
         0          0          0          0          0      14464   event_groups.o
       198         32        148         16        612      13688   freertos.o
       492         22          0          0          0       1387   gpio.o
       724         74          0         32      20000       7659   heap_4.o
      2772        198        104         68        272       8353   ins_task.o
      3160         26          0          4          0       9279   kalman_filter.o
       148          0          0          0          0       3802   list.o
       270         14          0          0          0     780748   main.o
       346         28         20         12          0       5168   nac.o
       894         78          0         12          0      11448   port.o
      4092        222        144        212        624      10831   quaternionekf.o
         0          0          0          0          0        400   ramp_contorller.o
       648         64         12         12        148       6228   remote.o
        24          4          0          0          0        515   robot_cmd.o
         0          0          0         64          0       2420   shoot.o
       432         38          0          0        280       2131   spi.o
        64         26        392          0      65536        860   startup_stm32f407xx.o
       136         24          0          9          0       8966   stm32f4xx_hal.o
      2236          4          0          0          0      15734   stm32f4xx_hal_can.o
       260         22          0          0          0      33666   stm32f4xx_hal_cortex.o
      1264         16          8          0          0       6462   stm32f4xx_hal_dma.o
       512         46          0          0          0       2284   stm32f4xx_hal_gpio.o
        84          6          0          0          0       1018   stm32f4xx_hal_msp.o
      3562         16          0          0          0      14188   stm32f4xx_hal_pcd.o
        90          0          0          0          0       2625   stm32f4xx_hal_pcd_ex.o
      1888         94          0          0          0       6545   stm32f4xx_hal_rcc.o
      1506         18          0          0          0       7146   stm32f4xx_hal_spi.o
      1972        142          0          0          0      13204   stm32f4xx_hal_tim.o
         4          0          0          0          0       1777   stm32f4xx_hal_tim_ex.o
       180         20          0          0         72       1648   stm32f4xx_hal_timebase_tim.o
      1448         24          0          0          0       8800   stm32f4xx_hal_uart.o
       198         66          0          0          0       8651   stm32f4xx_it.o
      3908         84          0          0          0      23508   stm32f4xx_ll_usb.o
        20          6         24          4          0       1303   system_stm32f4xx.o
      2158        270          0         60        240      20893   tasks.o
        20          0          0          0          0        995   test.o
       256         28          0          0         72       2506   tim.o
       580         64          0          0        336       2837   usart.o
       580         92          0         25       1024       5737   usb.o
        76         16          0          0        732        812   usb_device.o
      1772         52          0        138          0      14713   usbd_cdc.o
       212         22          0         20       4096       4560   usbd_cdc_if.o
      1004         24          0          0       1796      18220   usbd_conf.o
      1372          0          0          0          0      17069   usbd_core.o
      2366         30          0          1          0      18368   usbd_ctlreq.o
       386        122          0         78        512       7201   usbd_desc.o
       182          0          0          0          0       4964   usbd_ioreq.o
       426         18          0          8          0       4841   user_lib.o

    ----------------------------------------------------------------------
     54084       2864       1500       1460      96944    1253532   Object Totals
         0          0         32          0          0          0   (incl. Generated)
        74          0          0         22          6          0   (incl. Padding)

    ----------------------------------------------------------------------

      Code (inc. data)   RO Data    RW Data    ZI Data      Debug   Library Member Name

         0          0       2052          0          0       6294   arm_common_tables.o
       152         12          0          0          0       1104   arm_cos_f32.o
       186          0          0          0          0       1797   arm_mat_add_f32.o
         8          0          0          0          0        841   arm_mat_init_f32.o
       756          4          0          0          0       3732   arm_mat_inverse_f32.o
       296          4          0          0          0       2300   arm_mat_mult_f32.o
       186          0          0          0          0       1795   arm_mat_sub_f32.o
       162          0          0          0          0       1865   arm_mat_trans_f32.o
       144         12          0          0          0       1092   arm_sin_f32.o
        90          0          0          0          0          0   __dczerorl2.o
         8          0          0          0          0         68   __main.o
         0          0          0          0          0          0   __rtentry.o
        12          0          0          0          0          0   __rtentry2.o
         6          0          0          0          0          0   __rtentry4.o
        52          8          0          0          0          0   __scatter.o
        28          0          0          0          0          0   __scatter_zi.o
        22          0          0          0          0        100   _rserrno.o
        10          0          0          0          0         68   defsig_exit.o
        50          0          0          0          0         88   defsig_general.o
        80         58          0          0          0         76   defsig_rtmem_inner.o
        14          0          0          0          0         80   defsig_rtmem_outer.o
        18          0          0          0          0         80   exit.o
        94          0          0          0          0         80   h1_alloc.o
        52          0          0          0          0         68   h1_extend.o
        78          0          0          0          0         80   h1_free.o
        14          0          0          0          0         84   h1_init.o
         6          0          0          0          0        152   heapauxi.o
         4          0          0          0          0        136   hguard.o
         0          0          0          0          0          0   indicate_semi.o
       138          0          0          0          0        168   init_alloc.o
         2          0          0          0          0          0   libinit.o
        14          0          0          0          0          0   libinit2.o
         2          0          0          0          0          0   libshutdown.o
         2          0          0          0          0          0   libshutdown2.o
         8          4          0          0         96         68   libspace.o
       238          0          0          0          0        100   lludivv7m.o
         0          0          0          0          0          0   maybetermalloc1.o
         8          4          0          0          0         68   rt_errno_addr_intlibspace.o
         8          4          0          0          0         68   rt_heap_descriptor_intlibspace.o
        68          0          0          0          0         68   rt_memclr.o
        78          0          0          0          0         80   rt_memclr_w.o
       138          0          0          0          0         68   rt_memcpy_v6.o
       100          0          0          0          0         80   rt_memcpy_w.o
         2          0          0          0          0          0   rtexit.o
        10          0          0          0          0          0   rtexit2.o
        12          4          0          0          0         68   sys_exit.o
        74          0          0          0          0         80   sys_stackheap_outer.o
        14          0          0          0          0         76   sys_wrch.o
         2          0          0          0          0         68   use_no_semi.o
        98          4          0          0          0        140   d2f.o
       688        140          0          0          0        256   ddiv.o
       340         12          0          0          0        152   dmul.o
       156          4          0          0          0        140   dnaninf.o
        12          0          0          0          0        116   dretinf.o
        86          4          0          0          0        132   f2d.o
       140          4          0          0          0        132   fnaninf.o
        10          0          0          0          0        116   fpinit.o
        10          0          0          0          0        116   fretinf.o
         0          0          0          0          0          0   usenofp.o
       280         46          0          0          0        176   acosf.o
       300         42          0          0          0        176   asinf.o
       684         90          0          0          0        208   atan2f.o
       336         56          0          0          0        136   cosf.o
        38          0          0          0          0        116   fpclassifyf.o
        44         12          0          0          0        464   funder.o
       340         24         32          0          0        160   rredf.o
       400         56          0          0          0        212   sinf.o
       120          0          0          0          0        272   sqrtf.o

    ----------------------------------------------------------------------
      7548        608       2084          0        100      26260   Library Totals
        20          0          0          0          4          0   (incl. Padding)

    ----------------------------------------------------------------------

      Code (inc. data)   RO Data    RW Data    ZI Data      Debug   Library Name

      1890         32       2052          0          0      20820   arm_cortexM4lf_math.lib
      1556         82          0          0         96       2220   c_w.l
      1540        168          0          0          0       1300   fz_wm.l
      2542        326         32          0          0       1920   m_wm.l

    ----------------------------------------------------------------------
      7548        608       2084          0        100      26260   Library Totals

    ----------------------------------------------------------------------

==============================================================================


      Code (inc. data)   RO Data    RW Data    ZI Data      Debug   

     61632       3472       3584       1460      97044    1236184   Grand Totals
     61632       3472       3584        312      97044    1236184   ELF Image Totals (compressed)
     61632       3472       3584        312          0          0   ROM Totals

==============================================================================

    Total RO  Size (Code + RO Data)                65216 (  63.69kB)
    Total RW  Size (RW Data + ZI Data)             98504 (  96.20kB)
    Total ROM Size (Code + RO Data + RW Data)      65528 (  63.99kB)

==============================================================================

